Archive member included to satisfy reference by file (symbol)

d:/work/tool/at32ide/platform/tools/gcc-arm-none-eabi-10.3-2021.10/bin/../lib/gcc/arm-none-eabi/10.3.1/thumb/v7e-m+fp/hard\libgcc.a(_aeabi_uldivmod.o)
                              ./firmware/at32f402_405_crm.o (__aeabi_uldivmod)
d:/work/tool/at32ide/platform/tools/gcc-arm-none-eabi-10.3-2021.10/bin/../lib/gcc/arm-none-eabi/10.3.1/thumb/v7e-m+fp/hard\libgcc.a(_udivmoddi4.o)
                              d:/work/tool/at32ide/platform/tools/gcc-arm-none-eabi-10.3-2021.10/bin/../lib/gcc/arm-none-eabi/10.3.1/thumb/v7e-m+fp/hard\libgcc.a(_aeabi_uldivmod.o) (__udivmoddi4)
d:/work/tool/at32ide/platform/tools/gcc-arm-none-eabi-10.3-2021.10/bin/../lib/gcc/arm-none-eabi/10.3.1/thumb/v7e-m+fp/hard\libgcc.a(_dvmd_tls.o)
                              d:/work/tool/at32ide/platform/tools/gcc-arm-none-eabi-10.3-2021.10/bin/../lib/gcc/arm-none-eabi/10.3.1/thumb/v7e-m+fp/hard\libgcc.a(_aeabi_uldivmod.o) (__aeabi_ldiv0)
d:/work/tool/at32ide/platform/tools/gcc-arm-none-eabi-10.3-2021.10/bin/../lib/gcc/arm-none-eabi/10.3.1/../../../../arm-none-eabi/lib/thumb/v7e-m+fp/hard\libg_nano.a(lib_a-exit.o)
                              d:/work/tool/at32ide/platform/tools/gcc-arm-none-eabi-10.3-2021.10/bin/../lib/gcc/arm-none-eabi/10.3.1/../../../../arm-none-eabi/lib/thumb/v7e-m+fp/hard/crt0.o (exit)
d:/work/tool/at32ide/platform/tools/gcc-arm-none-eabi-10.3-2021.10/bin/../lib/gcc/arm-none-eabi/10.3.1/../../../../arm-none-eabi/lib/thumb/v7e-m+fp/hard\libg_nano.a(lib_a-impure.o)
                              d:/work/tool/at32ide/platform/tools/gcc-arm-none-eabi-10.3-2021.10/bin/../lib/gcc/arm-none-eabi/10.3.1/../../../../arm-none-eabi/lib/thumb/v7e-m+fp/hard\libg_nano.a(lib_a-exit.o) (_global_impure_ptr)
d:/work/tool/at32ide/platform/tools/gcc-arm-none-eabi-10.3-2021.10/bin/../lib/gcc/arm-none-eabi/10.3.1/../../../../arm-none-eabi/lib/thumb/v7e-m+fp/hard\libg_nano.a(lib_a-init.o)
                              d:/work/tool/at32ide/platform/tools/gcc-arm-none-eabi-10.3-2021.10/bin/../lib/gcc/arm-none-eabi/10.3.1/../../../../arm-none-eabi/lib/thumb/v7e-m+fp/hard/crt0.o (__libc_init_array)
d:/work/tool/at32ide/platform/tools/gcc-arm-none-eabi-10.3-2021.10/bin/../lib/gcc/arm-none-eabi/10.3.1/../../../../arm-none-eabi/lib/thumb/v7e-m+fp/hard\libg_nano.a(lib_a-memset.o)
                              d:/work/tool/at32ide/platform/tools/gcc-arm-none-eabi-10.3-2021.10/bin/../lib/gcc/arm-none-eabi/10.3.1/../../../../arm-none-eabi/lib/thumb/v7e-m+fp/hard/crt0.o (memset)
d:/work/tool/at32ide/platform/tools/gcc-arm-none-eabi-10.3-2021.10/bin/../lib/gcc/arm-none-eabi/10.3.1/../../../../arm-none-eabi/lib/thumb/v7e-m+fp/hard\libg_nano.a(lib_a-nano-vfprintf_float.o)
                              (_printf_float)
d:/work/tool/at32ide/platform/tools/gcc-arm-none-eabi-10.3-2021.10/bin/../lib/gcc/arm-none-eabi/10.3.1/../../../../arm-none-eabi/lib/thumb/v7e-m+fp/hard\libg_nano.a(lib_a-nano-vfprintf_i.o)
                              d:/work/tool/at32ide/platform/tools/gcc-arm-none-eabi-10.3-2021.10/bin/../lib/gcc/arm-none-eabi/10.3.1/../../../../arm-none-eabi/lib/thumb/v7e-m+fp/hard\libg_nano.a(lib_a-nano-vfprintf_float.o) (_printf_common)
d:/work/tool/at32ide/platform/tools/gcc-arm-none-eabi-10.3-2021.10/bin/../lib/gcc/arm-none-eabi/10.3.1/../../../../arm-none-eabi/lib/thumb/v7e-m+fp/hard\libg_nano.a(lib_a-strlen.o)
                              d:/work/tool/at32ide/platform/tools/gcc-arm-none-eabi-10.3-2021.10/bin/../lib/gcc/arm-none-eabi/10.3.1/../../../../arm-none-eabi/lib/thumb/v7e-m+fp/hard\libg_nano.a(lib_a-nano-vfprintf_float.o) (strlen)
d:/work/tool/at32ide/platform/tools/gcc-arm-none-eabi-10.3-2021.10/bin/../lib/gcc/arm-none-eabi/10.3.1/../../../../arm-none-eabi/lib/thumb/v7e-m+fp/hard\libg_nano.a(lib_a-vsprintf.o)
                              ./user/Serial.o (vsprintf)
d:/work/tool/at32ide/platform/tools/gcc-arm-none-eabi-10.3-2021.10/bin/../lib/gcc/arm-none-eabi/10.3.1/../../../../arm-none-eabi/lib/thumb/v7e-m+fp/hard\libg_nano.a(lib_a-dtoa.o)
                              d:/work/tool/at32ide/platform/tools/gcc-arm-none-eabi-10.3-2021.10/bin/../lib/gcc/arm-none-eabi/10.3.1/../../../../arm-none-eabi/lib/thumb/v7e-m+fp/hard\libg_nano.a(lib_a-nano-vfprintf_float.o) (_dtoa_r)
d:/work/tool/at32ide/platform/tools/gcc-arm-none-eabi-10.3-2021.10/bin/../lib/gcc/arm-none-eabi/10.3.1/../../../../arm-none-eabi/lib/thumb/v7e-m+fp/hard\libg_nano.a(lib_a-localeconv.o)
                              d:/work/tool/at32ide/platform/tools/gcc-arm-none-eabi-10.3-2021.10/bin/../lib/gcc/arm-none-eabi/10.3.1/../../../../arm-none-eabi/lib/thumb/v7e-m+fp/hard\libg_nano.a(lib_a-nano-vfprintf_float.o) (_localeconv_r)
d:/work/tool/at32ide/platform/tools/gcc-arm-none-eabi-10.3-2021.10/bin/../lib/gcc/arm-none-eabi/10.3.1/../../../../arm-none-eabi/lib/thumb/v7e-m+fp/hard\libg_nano.a(lib_a-malloc.o)
[...]
Memory Configuration

Name             Origin             Length             Attributes
FLASH            0x08000000         0x00040000         xr
RAM              0x20000000         0x00019800         xrw
*default*        0x00000000         0xffffffff

Linker script and memory map

LOAD d:/work/tool/at32ide/platform/tools/gcc-arm-none-eabi-10.3-2021.10/bin/../lib/gcc/arm-none-eabi/10.3.1/thumb/v7e-m+fp/hard/crti.o
LOAD d:/work/tool/at32ide/platform/tools/gcc-arm-none-eabi-10.3-2021.10/bin/../lib/gcc/arm-none-eabi/10.3.1/thumb/v7e-m+fp/hard/crtbegin.o
LOAD d:/work/tool/at32ide/platform/tools/gcc-arm-none-eabi-10.3-2021.10/bin/../lib/gcc/arm-none-eabi/10.3.1/../../../../arm-none-eabi/lib/thumb/v7e-m+fp/hard/crt0.o
LOAD ./user/Serial.o
LOAD ./user/at32f402_405_int.o
LOAD ./user/at32f402_405_wk_config.o
LOAD ./user/be2_spi.o
LOAD ./user/main.o
LOAD ./user/wk_spi.o
LOAD ./user/wk_system.o
LOAD ./user/wk_usart.o
LOAD ./firmware/at32f402_405_acc.o
LOAD ./firmware/at32f402_405_adc.o
LOAD ./firmware/at32f402_405_can.o
LOAD ./firmware/at32f402_405_crc.o
LOAD ./firmware/at32f402_405_crm.o
LOAD ./firmware/at32f402_405_debug.o
LOAD ./firmware/at32f402_405_dma.o
LOAD ./firmware/at32f402_405_ertc.o
LOAD ./firmware/at32f402_405_exint.o
LOAD ./firmware/at32f402_405_flash.o
LOAD ./firmware/at32f402_405_gpio.o
LOAD ./firmware/at32f402_405_i2c.o
LOAD ./firmware/at32f402_405_misc.o
LOAD ./firmware/at32f402_405_pwc.o
LOAD ./firmware/at32f402_405_qspi.o
LOAD ./firmware/at32f402_405_scfg.o
LOAD ./firmware/at32f402_405_spi.o
LOAD ./firmware/at32f402_405_tmr.o
LOAD ./firmware/at32f402_405_usart.o
LOAD ./firmware/at32f402_405_usb.o
LOAD ./firmware/at32f402_405_wdt.o
LOAD ./firmware/at32f402_405_wwdt.o
LOAD ./cmsis/system_at32f402_405.o
LOAD ./startup_at32f402_405.o
START GROUP
LOAD d:/work/tool/at32ide/platform/tools/gcc-arm-none-eabi-10.3-2021.10/bin/../lib/gcc/arm-none-eabi/10.3.1/thumb/v7e-m+fp/hard\libgcc.a
LOAD d:/work/tool/at32ide/platform/tools/gcc-arm-none-eabi-10.3-2021.10/bin/../lib/gcc/arm-none-eabi/10.3.1/../../../../arm-none-eabi/lib/thumb/v7e-m+fp/hard\libg_nano.a
LOAD d:/work/tool/at32ide/platform/tools/gcc-arm-none-eabi-10.3-2021.10/bin/../lib/gcc/arm-none-eabi/10.3.1/../../../../arm-none-eabi/lib/thumb/v7e-m+fp/hard\libc_nano.a
END GROUP
START GROUP
LOAD d:/work/tool/at32ide/platform/tools/gcc-arm-none-eabi-10.3-2021.10/bin/../lib/gcc/arm-none-eabi/10.3.1/thumb/v7e-m+fp/hard\libgcc.a
LOAD d:/work/tool/at32ide/platform/tools/gcc-arm-none-eabi-10.3-2021.10/bin/../lib/gcc/arm-none-eabi/10.3.1/../../../../arm-none-eabi/lib/thumb/v7e-m+fp/hard\libc_nano.a
LOAD d:/work/tool/at32ide/platform/tools/gcc-arm-none-eabi-10.3-2021.10/bin/../lib/gcc/arm-none-eabi/10.3.1/../../../../arm-none-eabi/lib/thumb/v7e-m+fp/hard\libnosys.a
END GROUP
START GROUP
LOAD d:/work/tool/at32ide/platform/tools/gcc-arm-none-eabi-10.3-2021.10/bin/../lib/gcc/arm-none-eabi/10.3.1/thumb/v7e-m+fp/hard\libgcc.a
LOAD d:/work/tool/at32ide/platform/tools/gcc-arm-none-eabi-10.3-2021.10/bin/../lib/gcc/arm-none-eabi/10.3.1/../../../../arm-none-eabi/lib/thumb/v7e-m+fp/hard\libc_nano.a
LOAD d:/work/tool/at32ide/platform/tools/gcc-arm-none-eabi-10.3-2021.10/bin/../lib/gcc/arm-none-eabi/10.3.1/../../../../arm-none-eabi/lib/thumb/v7e-m+fp/hard\libnosys.a
END GROUP
LOAD d:/work/tool/at32ide/platform/tools/gcc-arm-none-eabi-10.3-2021.10/bin/../lib/gcc/arm-none-eabi/10.3.1/thumb/v7e-m+fp/hard/crtend.o
LOAD d:/work/tool/at32ide/platform/tools/gcc-arm-none-eabi-10.3-2021.10/bin/../lib/gcc/arm-none-eabi/10.3.1/thumb/v7e-m+fp/hard/crtn.o
                0x20019800                _estack = 0x20019800
                0x00000200                _Min_Heap_Size = 0x200
                0x00000400                _Min_Stack_Size = 0x400

.isr_vector     0x08000000      0x1e0
                0x08000000                . = ALIGN (0x4)
 *(.isr_vector)
 .isr_vector    0x08000000      0x1e0 ./startup_at32f402_405.o
                0x08000000                g_pfnVectors
                0x080001e0                . = ALIGN (0x4)

.text           0x080001e0     0x5918
                0x080001e0                . = ALIGN (0x4)
 *(.text)
 .text          0x080001e0       0x40 d:/work/tool/at32ide/platform/tools/gcc-arm-none-eabi-10.3-2021.10/bin/../lib/gcc/arm-none-eabi/10.3.1/thumb/v7e-m+fp/hard/crtbegin.o
 .text          0x08000220       0x30 d:/work/tool/at32ide/platform/tools/gcc-arm-none-eabi-10.3-2021.10/bin/../lib/gcc/arm-none-eabi/10.3.1/thumb/v7e-m+fp/hard\libgcc.a(_aeabi_uldivmod.o)
                0x08000220                __aeabi_uldivmod
 .text          0x08000250      0x2d0 d:/work/tool/at32ide/platform/tools/gcc-arm-none-eabi-10.3-2021.10/bin/../lib/gcc/arm-none-eabi/10.3.1/thumb/v7e-m+fp/hard\libgcc.a(_udivmoddi4.o)
                0x08000250                __udivmoddi4
 .text          0x08000520        0x4 d:/work/tool/at32ide/platform/tools/gcc-arm-none-eabi-10.3-2021.10/bin/../lib/gcc/arm-none-eabi/10.3.1/thumb/v7e-m+fp/hard\libgcc.a(_dvmd_tls.o)
                0x08000520                __aeabi_idiv0
                0x08000520                __aeabi_ldiv0
 .text          0x08000524       0x10 d:/work/tool/at32ide/platform/tools/gcc-arm-none-eabi-10.3-2021.10/bin/../lib/gcc/arm-none-eabi/10.3.1/../../../../arm-none-eabi/lib/thumb/v7e-m+fp/hard\libg_nano.a(lib_a-strlen.o)
                0x08000524                strlen
 *fill*         0x08000534        0xc 
 .text          0x08000540       0xa0 d:/work/tool/at32ide/platform/tools/gcc-arm-none-eabi-10.3-2021.10/bin/../lib/gcc/arm-none-eabi/10.3.1/../../../../arm-none-eabi/lib/thumb/v7e-m+fp/hard\libg_nano.a(lib_a-memchr.o)
                0x08000540                memchr
 .text          0x080005e0      0x378 d:/work/tool/at32ide/platform/tools/gcc-arm-none-eabi-10.3-2021.10/bin/../lib/gcc/arm-none-eabi/10.3.1/thumb/v7e-m+fp/hard\libgcc.a(_arm_addsubdf3.o)
                0x080005e0                __aeabi_drsub
                0x080005e8                __aeabi_dsub
                0x080005e8                __subdf3
                0x080005ec                __aeabi_dadd
                0x080005ec                __adddf3
                0x08000864                __floatunsidf
                0x08000864                __aeabi_ui2d
                0x08000884                __floatsidf
                0x08000884                __aeabi_i2d
                0x080008a8                __aeabi_f2d
                0x080008a8                __extendsfdf2
                0x080008ec                __floatundidf
                0x080008ec                __aeabi_ul2d
                0x080008fc                __floatdidf
                0x080008fc                __aeabi_l2d
 .text          0x08000958      0x424 d:/work/tool/at32ide/platform/tools/gcc-arm-none-eabi-10.3-2021.10/bin/../lib/gcc/arm-none-eabi/10.3.1/thumb/v7e-m+fp/hard\libgcc.a(_arm_muldivdf3.o)
                0x08000958                __aeabi_dmul
                0x08000958                __muldf3
                0x08000bac                __divdf3
                0x08000bac                __aeabi_ddiv
 .text          0x08000d7c      0x110 d:/work/tool/at32ide/platform/tools/gcc-arm-none-eabi-10.3-2021.10/bin/../lib/gcc/arm-none-eabi/10.3.1/thumb/v7e-m+fp/hard\libgcc.a(_arm_cmpdf2.o)
                0x08000d7c                __gtdf2
                0x08000d7c                __gedf2
                0x08000d84                __ltdf2
                0x08000d84                __ledf2
                0x08000d8c                __nedf2
                0x08000d8c                __eqdf2
                0x08000d8c                __cmpdf2
                0x08000e08                __aeabi_cdrcmple
                0x08000e18                __aeabi_cdcmpeq
                0x08000e18                __aeabi_cdcmple
                0x08000e28                __aeabi_dcmpeq
                0x08000e3c                __aeabi_dcmplt
                0x08000e50                __aeabi_dcmple
                0x08000e64                __aeabi_dcmpge
                0x08000e78                __aeabi_dcmpgt
 .text          0x08000e8c       0x2c d:/work/tool/at32ide/platform/tools/gcc-arm-none-eabi-10.3-2021.10/bin/../lib/gcc/arm-none-eabi/10.3.1/thumb/v7e-m+fp/hard\libgcc.a(_arm_unorddf2.o)
                0x08000e8c                __unorddf2
                0x08000e8c                __aeabi_dcmpun
 .text          0x08000eb8       0x50 d:/work/tool/at32ide/platform/tools/gcc-arm-none-eabi-10.3-2021.10/bin/../lib/gcc/arm-none-eabi/10.3.1/thumb/v7e-m+fp/hard\libgcc.a(_arm_fixdfsi.o)
                0x08000eb8                __aeabi_d2iz
                0x08000eb8                __fixdfsi
 *(.text*)
 .text.Serial_SendByte
                0x08000f08       0x34 ./user/Serial.o
                0x08000f08                Serial_SendByte
 .text.Serial_SendString
                0x08000f3c       0x38 ./user/Serial.o
                0x08000f3c                Serial_SendString
 .text.Serial_Printf
                0x08000f74       0x30 ./user/Serial.o
                0x08000f74                Serial_Printf
 .text.NMI_Handler
                0x08000fa4        0xe ./user/at32f402_405_int.o
                0x08000fa4                NMI_Handler
 .text.HardFault_Handler
                0x08000fb2        0x6 ./user/at32f402_405_int.o
                0x08000fb2                HardFault_Handler
 .text.MemManage_Handler
                0x08000fb8        0x6 ./user/at32f402_405_int.o
                0x08000fb8                MemManage_Handler
 .text.BusFault_Handler
                0x08000fbe        0x6 ./user/at32f402_405_int.o
                0x08000fbe                BusFault_Handler
 .text.UsageFault_Handler
                0x08000fc4        0x6 ./user/at32f402_405_int.o
                0x08000fc4                UsageFault_Handler
 .text.SVC_Handler
                0x08000fca        0xe ./user/at32f402_405_int.o
                0x08000fca                SVC_Handler
 .text.DebugMon_Handler
                0x08000fd8        0xe ./user/at32f402_405_int.o
                0x08000fd8                DebugMon_Handler
 .text.PendSV_Handler
                0x08000fe6        0xe ./user/at32f402_405_int.o
                0x08000fe6                PendSV_Handler
 .text.SysTick_Handler
                0x08000ff4        0xe ./user/at32f402_405_int.o
                0x08000ff4                SysTick_Handler
 *fill*         0x08001002        0x2 
 .text.__NVIC_GetPriorityGrouping
                0x08001004       0x1c ./user/at32f402_405_wk_config.o
 .text.__NVIC_SetPriority
                0x08001020       0x54 ./user/at32f402_405_wk_config.o
 .text.NVIC_EncodePriority
                0x08001074       0x66 ./user/at32f402_405_wk_config.o
 *fill*         0x080010da        0x2 
 .text.wk_system_clock_config
                0x080010dc       0xc0 ./user/at32f402_405_wk_config.o
                0x080010dc                wk_system_clock_config
 .text.wk_periph_clock_config
                0x0800119c       0x44 ./user/at32f402_405_wk_config.o
                0x0800119c                wk_periph_clock_config
 .text.wk_nvic_config
                0x080011e0       0xdc ./user/at32f402_405_wk_config.o
                0x080011e0                wk_nvic_config
 .text.spi2_rw_byte
                0x080012bc       0xb4 ./user/be2_spi.o
                0x080012bc                spi2_rw_byte
 .text.be2_spi_init_cs_gpio
                0x08001370       0x4c ./user/be2_spi.o
                0x08001370                be2_spi_init_cs_gpio
 .text.be2_calculate_lrc
                0x080013bc       0x42 ./user/be2_spi.o
 *fill*         0x080013fe        0x2 
 .text.be2_enter_command_mode
                0x08001400       0xb4 ./user/be2_spi.o
                0x08001400                be2_enter_command_mode
 .text.be2_read_whoami_lpb
                0x080014b4      0x148 ./user/be2_spi.o
                0x080014b4                be2_read_whoami_lpb
 .text.main     0x080015fc       0xa4 ./user/main.o
                0x080015fc                main
 .text.wk_spi2_init
                0x080016a0       0xdc ./user/wk_spi.o
                0x080016a0                wk_spi2_init
 .text.delay_us
                0x0800177c       0x5c ./user/wk_system.o
 .text.wk_delay_ms
                0x080017d8       0x44 ./user/wk_system.o
                0x080017d8                wk_delay_ms
 .text.wk_timebase_init
                0x0800181c       0x5c ./user/wk_system.o
                0x0800181c                wk_timebase_init
 .text.wk_delay_us
                0x08001878       0x68 ./user/wk_system.o
                0x08001878                wk_delay_us
 .text.wk_usart1_init
                0x080018e0       0xa8 ./user/wk_usart.o
                0x080018e0                wk_usart1_init
 .text.crm_reset
                0x08001988       0x94 ./firmware/at32f402_405_crm.o
                0x08001988                crm_reset
 .text.crm_flag_get
                0x08001a1c       0x50 ./firmware/at32f402_405_crm.o
                0x08001a1c                crm_flag_get
 .text.crm_periph_clock_enable
                0x08001a6c       0x7c ./firmware/at32f402_405_crm.o
                0x08001a6c                crm_periph_clock_enable
 .text.crm_clock_source_enable
                0x08001ae8       0xa8 ./firmware/at32f402_405_crm.o
                0x08001ae8                crm_clock_source_enable
 .text.crm_ahb_div_set
                0x08001b90       0x34 ./firmware/at32f402_405_crm.o
                0x08001b90                crm_ahb_div_set
 .text.crm_apb1_div_set
                0x08001bc4       0x2c ./firmware/at32f402_405_crm.o
                0x08001bc4                crm_apb1_div_set
 .text.crm_apb2_div_set
                0x08001bf0       0x2c ./firmware/at32f402_405_crm.o
                0x08001bf0                crm_apb2_div_set
 .text.crm_hick_sclk_div_set
                0x08001c1c       0x30 ./firmware/at32f402_405_crm.o
                0x08001c1c                crm_hick_sclk_div_set
 .text.crm_auto_step_mode_enable
                0x08001c4c       0x40 ./firmware/at32f402_405_crm.o
                0x08001c4c                crm_auto_step_mode_enable
 .text.crm_hick_divider_select
                0x08001c8c       0xd0 ./firmware/at32f402_405_crm.o
                0x08001c8c                crm_hick_divider_select
 .text.crm_pll_config
                0x08001d5c       0x80 ./firmware/at32f402_405_crm.o
                0x08001d5c                crm_pll_config
 .text.crm_pllu_div_set
                0x08001ddc       0x2c ./firmware/at32f402_405_crm.o
                0x08001ddc                crm_pllu_div_set
 .text.crm_sysclk_switch
                0x08001e08       0x34 ./firmware/at32f402_405_crm.o
                0x08001e08                crm_sysclk_switch
 .text.crm_sysclk_switch_status_get
                0x08001e3c       0x1c ./firmware/at32f402_405_crm.o
                0x08001e3c                crm_sysclk_switch_status_get
 .text.crm_clocks_freq_get
                0x08001e58      0x1d8 ./firmware/at32f402_405_crm.o
                0x08001e58                crm_clocks_freq_get
 .text.gpio_init
                0x08002030       0xf4 ./firmware/at32f402_405_gpio.o
                0x08002030                gpio_init
 .text.gpio_default_para_init
                0x08002124       0x34 ./firmware/at32f402_405_gpio.o
                0x08002124                gpio_default_para_init
 .text.gpio_bits_set
                0x08002158       0x1e ./firmware/at32f402_405_gpio.o
                0x08002158                gpio_bits_set
 .text.gpio_bits_reset
                0x08002176       0x1e ./firmware/at32f402_405_gpio.o
                0x08002176                gpio_bits_reset
 .text.gpio_pin_mux_config
                0x08002194       0x94 ./firmware/at32f402_405_gpio.o
                0x08002194                gpio_pin_mux_config
 .text.__NVIC_SetPriorityGrouping
                0x08002228       0x48 ./firmware/at32f402_405_misc.o
 .text.__NVIC_GetPriorityGrouping
                0x08002270       0x1c ./firmware/at32f402_405_misc.o
 .text.__NVIC_EnableIRQ
                0x0800228c       0x3c ./firmware/at32f402_405_misc.o
 .text.__NVIC_SetPriority
                0x080022c8       0x54 ./firmware/at32f402_405_misc.o
 .text.NVIC_EncodePriority
                0x0800231c       0x66 ./firmware/at32f402_405_misc.o
 .text.nvic_irq_enable
                0x08002382       0x42 ./firmware/at32f402_405_misc.o
                0x08002382                nvic_irq_enable
 .text.nvic_priority_group_config
                0x080023c4       0x1a ./firmware/at32f402_405_misc.o
                0x080023c4                nvic_priority_group_config
 *fill*         0x080023de        0x2 
 .text.systick_clock_source_config
                0x080023e0       0x3c ./firmware/at32f402_405_misc.o
                0x080023e0                systick_clock_source_config
 .text.spi_default_para_init
                0x0800241c       0x44 ./firmware/at32f402_405_spi.o
                0x0800241c                spi_default_para_init
 .text.spi_init
                0x08002460      0x1de ./firmware/at32f402_405_spi.o
                0x08002460                spi_init
 .text.spi_enable
                0x0800263e       0x2a ./firmware/at32f402_405_spi.o
                0x0800263e                spi_enable
 .text.spi_i2s_data_transmit
                0x08002668       0x1e ./firmware/at32f402_405_spi.o
                0x08002668                spi_i2s_data_transmit
 .text.spi_i2s_data_receive
                0x08002686       0x1a ./firmware/at32f402_405_spi.o
                0x08002686                spi_i2s_data_receive
 .text.spi_i2s_flag_get
                0x080026a0       0x32 ./firmware/at32f402_405_spi.o
                0x080026a0                spi_i2s_flag_get
 *fill*         0x080026d2        0x2 
 .text.usart_init
                0x080026d4      0x104 ./firmware/at32f402_405_usart.o
                0x080026d4                usart_init
 .text.usart_parity_selection_config
                0x080027d8       0x6a ./firmware/at32f402_405_usart.o
                0x080027d8                usart_parity_selection_config
 .text.usart_enable
                0x08002842       0x2a ./firmware/at32f402_405_usart.o
                0x08002842                usart_enable
 .text.usart_transmitter_enable
                0x0800286c       0x2a ./firmware/at32f402_405_usart.o
                0x0800286c                usart_transmitter_enable
 .text.usart_receiver_enable
                0x08002896       0x2a ./firmware/at32f402_405_usart.o
                0x08002896                usart_receiver_enable
 .text.usart_data_transmit
                0x080028c0       0x22 ./firmware/at32f402_405_usart.o
                0x080028c0                usart_data_transmit
 .text.usart_hardware_flow_control_set
                0x080028e2       0x86 ./firmware/at32f402_405_usart.o
                0x080028e2                usart_hardware_flow_control_set
 .text.usart_flag_get
                0x08002968       0x28 ./firmware/at32f402_405_usart.o
                0x08002968                usart_flag_get
 .text.SystemInit
                0x08002990       0xb0 ./cmsis/system_at32f402_405.o
                0x08002990                SystemInit
 .text.system_core_clock_update
                0x08002a40      0x194 ./cmsis/system_at32f402_405.o
                0x08002a40                system_core_clock_update
 .text.Reset_Handler
                0x08002bd4       0x48 ./startup_at32f402_405.o
                0x08002bd4                Reset_Handler
 .text.Default_Handler
                0x08002c1c        0x2 ./startup_at32f402_405.o
                0x08002c1c                EXINT2_IRQHandler
                0x08002c1c                UART8_IRQHandler
                0x08002c1c                I2C2_EVT_IRQHandler
                0x08002c1c                TMR1_OVF_TMR10_IRQHandler
                0x08002c1c                I2C1_ERR_IRQHandler
                0x08002c1c                EXINT9_5_IRQHandler
                0x08002c1c                TAMP_STAMP_IRQHandler
                0x08002c1c                CAN1_RX0_IRQHandler
                0x08002c1c                FPU_IRQHandler
                0x08002c1c                OTGHS_EP1_IN_IRQHandler
                0x08002c1c                SPI1_IRQHandler
                0x08002c1c                USART5_IRQHandler
                0x08002c1c                I2SF5_IRQHandler
                0x08002c1c                OTGFS1_IRQHandler
                0x08002c1c                DMA2_Channel2_IRQHandler
                0x08002c1c                DMA1_Channel4_IRQHandler
                0x08002c1c                ADC1_IRQHandler
                0x08002c1c                USART6_IRQHandler
                0x08002c1c                EXINT0_IRQHandler
                0x08002c1c                USART3_IRQHandler
                0x08002c1c                DMA1_Channel7_IRQHandler
                0x08002c1c                CAN1_RX1_IRQHandler
                0x08002c1c                ACC_IRQHandler
                0x08002c1c                DMAMUX_IRQHandler
                0x08002c1c                DMA2_Channel1_IRQHandler
                0x08002c1c                USART4_IRQHandler
                0x08002c1c                EXINT3_IRQHandler
                0x08002c1c                DMA1_Channel6_IRQHandler
                0x08002c1c                DMA2_Channel4_IRQHandler
                0x08002c1c                ERTCAlarm_IRQHandler
                0x08002c1c                DMA1_Channel1_IRQHandler
                0x08002c1c                Default_Handler
                0x08002c1c                DMA2_Channel7_IRQHandler
                0x08002c1c                QSPI1_IRQHandler
                0x08002c1c                TMR3_GLOBAL_IRQHandler
                0x08002c1c                TMR7_GLOBAL_IRQHandler
                0x08002c1c                CAN1_SE_IRQHandler
                0x08002c1c                OTGHS_IRQHandler
                0x08002c1c                I2C3_ERR_IRQHandler
                0x08002c1c                TMR1_BRK_TMR9_IRQHandler
                0x08002c1c                SPI2_IRQHandler
                0x08002c1c                TMR1_TRG_HALL_TMR11_IRQHandler
                0x08002c1c                CAN1_TX_IRQHandler
                0x08002c1c                DMA2_Channel5_IRQHandler
                0x08002c1c                TMR14_GLOBAL_IRQHandler
                0x08002c1c                DMA1_Channel5_IRQHandler
                0x08002c1c                TMR4_GLOBAL_IRQHandler
                0x08002c1c                EXINT4_IRQHandler
                0x08002c1c                PVM_IRQHandler
                0x08002c1c                I2C3_EVT_IRQHandler
                0x08002c1c                DMA1_Channel3_IRQHandler
                0x08002c1c                OTGHS_EP1_OUT_IRQHandler
                0x08002c1c                I2C1_EVT_IRQHandler
                0x08002c1c                TMR13_GLOBAL_IRQHandler
                0x08002c1c                DMA2_Channel6_IRQHandler
                0x08002c1c                TMR6_GLOBAL_IRQHandler
                0x08002c1c                EXINT1_IRQHandler
                0x08002c1c                UART7_IRQHandler
                0x08002c1c                USART2_IRQHandler
                0x08002c1c                DMA1_Channel2_IRQHandler
                0x08002c1c                TMR2_GLOBAL_IRQHandler
                0x08002c1c                ERTC_WKUP_IRQHandler
                0x08002c1c                FLASH_IRQHandler
                0x08002c1c                I2C2_ERR_IRQHandler
                0x08002c1c                USART1_IRQHandler
                0x08002c1c                TMR1_CH_IRQHandler
                0x08002c1c                CRM_IRQHandler
                0x08002c1c                SPI3_IRQHandler
                0x08002c1c                OTGFS1_WKUP_IRQHandler
                0x08002c1c                EXINT15_10_IRQHandler
                0x08002c1c                OTGHS_WKUP_IRQHandler
                0x08002c1c                WWDT_IRQHandler
                0x08002c1c                DMA2_Channel3_IRQHandler
 *fill*         0x08002c1e        0x2 
 .text.__libc_init_array
                0x08002c20       0x48 d:/work/tool/at32ide/platform/tools/gcc-arm-none-eabi-10.3-2021.10/bin/../lib/gcc/arm-none-eabi/10.3.1/../../../../arm-none-eabi/lib/thumb/v7e-m+fp/hard\libg_nano.a(lib_a-init.o)
                0x08002c20                __libc_init_array
 .text.memset   0x08002c68       0x10 d:/work/tool/at32ide/platform/tools/gcc-arm-none-eabi-10.3-2021.10/bin/../lib/gcc/arm-none-eabi/10.3.1/../../../../arm-none-eabi/lib/thumb/v7e-m+fp/hard\libg_nano.a(lib_a-memset.o)
                0x08002c68                memset
 .text.__cvt    0x08002c78       0xc4 d:/work/tool/at32ide/platform/tools/gcc-arm-none-eabi-10.3-2021.10/bin/../lib/gcc/arm-none-eabi/10.3.1/../../../../arm-none-eabi/lib/thumb/v7e-m+fp/hard\libg_nano.a(lib_a-nano-vfprintf_float.o)
                0x08002c78                __cvt
 .text.__exponent
                0x08002d3c       0x7c d:/work/tool/at32ide/platform/tools/gcc-arm-none-eabi-10.3-2021.10/bin/../lib/gcc/arm-none-eabi/10.3.1/../../../../arm-none-eabi/lib/thumb/v7e-m+fp/hard\libg_nano.a(lib_a-nano-vfprintf_float.o)
                0x08002d3c                __exponent
 .text._printf_float
                0x08002db8      0x46c d:/work/tool/at32ide/platform/tools/gcc-arm-none-eabi-10.3-2021.10/bin/../lib/gcc/arm-none-eabi/10.3.1/../../../../arm-none-eabi/lib/thumb/v7e-m+fp/hard\libg_nano.a(lib_a-nano-vfprintf_float.o)
                0x08002db8                _printf_float
 .text._printf_common
                0x08003224       0xda d:/work/tool/at32ide/platform/tools/gcc-arm-none-eabi-10.3-2021.10/bin/../lib/gcc/arm-none-eabi/10.3.1/../../../../arm-none-eabi/lib/thumb/v7e-m+fp/hard\libg_nano.a(lib_a-nano-vfprintf_i.o)
                0x08003224                _printf_common
 *fill*         0x080032fe        0x2 
 .text._printf_i
                0x08003300      0x24c d:/work/tool/at32ide/platform/tools/gcc-arm-none-eabi-10.3-2021.10/bin/../lib/gcc/arm-none-eabi/10.3.1/../../../../arm-none-eabi/lib/thumb/v7e-m+fp/hard\libg_nano.a(lib_a-nano-vfprintf_i.o)
                0x08003300                _printf_i
 .text._vsprintf_r
                0x0800354c       0x2c d:/work/tool/at32ide/platform/tools/gcc-arm-none-eabi-10.3-2021.10/bin/../lib/gcc/arm-none-eabi/10.3.1/../../../../arm-none-eabi/lib/thumb/v7e-m+fp/hard\libg_nano.a(lib_a-vsprintf.o)
                0x0800354c                _vsprintf_r
                0x0800354c                _vsiprintf_r
 .text.vsprintf
                0x08003578       0x14 d:/work/tool/at32ide/platform/tools/gcc-arm-none-eabi-10.3-2021.10/bin/../lib/gcc/arm-none-eabi/10.3.1/../../../../arm-none-eabi/lib/thumb/v7e-m+fp/hard\libg_nano.a(lib_a-vsprintf.o)
                0x08003578                vsiprintf
                0x08003578                vsprintf
 .text.quorem   0x0800358c      0x116 d:/work/tool/at32ide/platform/tools/gcc-arm-none-eabi-10.3-2021.10/bin/../lib/gcc/arm-none-eabi/10.3.1/../../../../arm-none-eabi/lib/thumb/v7e-m+fp/hard\libg_nano.a(lib_a-dtoa.o)
 *fill*         0x080036a2        0x6 
 .text._dtoa_r  0x080036a8      0xbdc d:/work/tool/at32ide/platform/tools/gcc-arm-none-eabi-10.3-2021.10/bin/../lib/gcc/arm-none-eabi/10.3.1/../../../../arm-none-eabi/lib/thumb/v7e-m+fp/hard\libg_nano.a(lib_a-dtoa.o)
                0x080036a8                _dtoa_r
 .text._localeconv_r
                0x08004284        0x8 d:/work/tool/at32ide/platform/tools/gcc-arm-none-eabi-10.3-2021.10/bin/../lib/gcc/arm-none-eabi/10.3.1/../../../../arm-none-eabi/lib/thumb/v7e-m+fp/hard\libg_nano.a(lib_a-localeconv.o)
                0x08004284                _localeconv_r
 .text.malloc   0x0800428c       0x10 d:/work/tool/at32ide/platform/tools/gcc-arm-none-eabi-10.3-2021.10/bin/../lib/gcc/arm-none-eabi/10.3.1/../../../../arm-none-eabi/lib/thumb/v7e-m+fp/hard\libg_nano.a(lib_a-malloc.o)
                0x0800428c                malloc
 .text.memcpy   0x0800429c       0x1c d:/work/tool/at32ide/platform/tools/gcc-arm-none-eabi-10.3-2021.10/bin/../lib/gcc/arm-none-eabi/10.3.1/../../../../arm-none-eabi/lib/thumb/v7e-m+fp/hard\libg_nano.a(lib_a-memcpy-stub.o)
                0x0800429c                memcpy
 .text._Balloc  0x080042b8       0x80 d:/work/tool/at32ide/platform/tools/gcc-arm-none-eabi-10.3-2021.10/bin/../lib/gcc/arm-none-eabi/10.3.1/../../../../arm-none-eabi/lib/thumb/v7e-m+fp/hard\libg_nano.a(lib_a-mprec.o)
                0x080042b8                _Balloc
 .text._Bfree   0x08004338       0x44 d:/work/tool/at32ide/platform/tools/gcc-arm-none-eabi-10.3-2021.10/bin/../lib/gcc/arm-none-eabi/10.3.1/../../../../arm-none-eabi/lib/thumb/v7e-m+fp/hard\libg_nano.a(lib_a-mprec.o)
                0x08004338                _Bfree
 .text.__multadd
                0x0800437c       0x8c d:/work/tool/at32ide/platform/tools/gcc-arm-none-eabi-10.3-2021.10/bin/../lib/gcc/arm-none-eabi/10.3.1/../../../../arm-none-eabi/lib/thumb/v7e-m+fp/hard\libg_nano.a(lib_a-mprec.o)
                0x0800437c                __multadd
 .text.__hi0bits
                0x08004408       0x40 d:/work/tool/at32ide/platform/tools/gcc-arm-none-eabi-10.3-2021.10/bin/../lib/gcc/arm-none-eabi/10.3.1/../../../../arm-none-eabi/lib/thumb/v7e-m+fp/hard\libg_nano.a(lib_a-mprec.o)
                0x08004408                __hi0bits
 .text.__lo0bits
                0x08004448       0x5e d:/work/tool/at32ide/platform/tools/gcc-arm-none-eabi-10.3-2021.10/bin/../lib/gcc/arm-none-eabi/10.3.1/../../../../arm-none-eabi/lib/thumb/v7e-m+fp/hard\libg_nano.a(lib_a-mprec.o)
                0x08004448                __lo0bits
 *fill*         0x080044a6        0x2 
 .text.__i2b    0x080044a8       0x2c d:/work/tool/at32ide/platform/tools/gcc-arm-none-eabi-10.3-2021.10/bin/../lib/gcc/arm-none-eabi/10.3.1/../../../../arm-none-eabi/lib/thumb/v7e-m+fp/hard\libg_nano.a(lib_a-mprec.o)
                0x080044a8                __i2b
 .text.__multiply
                0x080044d4      0x154 d:/work/tool/at32ide/platform/tools/gcc-arm-none-eabi-10.3-2021.10/bin/../lib/gcc/arm-none-eabi/10.3.1/../../../../arm-none-eabi/lib/thumb/v7e-m+fp/hard\libg_nano.a(lib_a-mprec.o)
                0x080044d4                __multiply
 .text.__pow5mult
                0x08004628       0xb4 d:/work/tool/at32ide/platform/tools/gcc-arm-none-eabi-10.3-2021.10/bin/../lib/gcc/arm-none-eabi/10.3.1/../../../../arm-none-eabi/lib/thumb/v7e-m+fp/hard\libg_nano.a(lib_a-mprec.o)
                0x08004628                __pow5mult
 .text.__lshift
                0x080046dc       0xe0 d:/work/tool/at32ide/platform/tools/gcc-arm-none-eabi-10.3-2021.10/bin/../lib/gcc/arm-none-eabi/10.3.1/../../../../arm-none-eabi/lib/thumb/v7e-m+fp/hard\libg_nano.a(lib_a-mprec.o)
                0x080046dc                __lshift
 .text.__mcmp   0x080047bc       0x38 d:/work/tool/at32ide/platform/tools/gcc-arm-none-eabi-10.3-2021.10/bin/../lib/gcc/arm-none-eabi/10.3.1/../../../../arm-none-eabi/lib/thumb/v7e-m+fp/hard\libg_nano.a(lib_a-mprec.o)
                0x080047bc                __mcmp
 .text.__mdiff  0x080047f4      0x114 d:/work/tool/at32ide/platform/tools/gcc-arm-none-eabi-10.3-2021.10/bin/../lib/gcc/arm-none-eabi/10.3.1/../../../../arm-none-eabi/lib/thumb/v7e-m+fp/hard\libg_nano.a(lib_a-mprec.o)
                0x080047f4                __mdiff
 .text.__d2b    0x08004908       0xb8 d:/work/tool/at32ide/platform/tools/gcc-arm-none-eabi-10.3-2021.10/bin/../lib/gcc/arm-none-eabi/10.3.1/../../../../arm-none-eabi/lib/thumb/v7e-m+fp/hard\libg_nano.a(lib_a-mprec.o)
                0x08004908                __d2b
 .text._calloc_r
                0x080049c0       0x2c d:/work/tool/at32ide/platform/tools/gcc-arm-none-eabi-10.3-2021.10/bin/../lib/gcc/arm-none-eabi/10.3.1/../../../../arm-none-eabi/lib/thumb/v7e-m+fp/hard\libg_nano.a(lib_a-nano-callocr.o)
                0x080049c0                _calloc_r
 .text._free_r  0x080049ec       0x98 d:/work/tool/at32ide/platform/tools/gcc-arm-none-eabi-10.3-2021.10/bin/../lib/gcc/arm-none-eabi/10.3.1/../../../../arm-none-eabi/lib/thumb/v7e-m+fp/hard\libg_nano.a(lib_a-nano-freer.o)
                0x080049ec                _free_r
 .text.sbrk_aligned
                0x08004a84       0x40 d:/work/tool/at32ide/platform/tools/gcc-arm-none-eabi-10.3-2021.10/bin/../lib/gcc/arm-none-eabi/10.3.1/../../../../arm-none-eabi/lib/thumb/v7e-m+fp/hard\libg_nano.a(lib_a-nano-mallocr.o)
 .text._malloc_r
                0x08004ac4       0xe8 d:/work/tool/at32ide/platform/tools/gcc-arm-none-eabi-10.3-2021.10/bin/../lib/gcc/arm-none-eabi/10.3.1/../../../../arm-none-eabi/lib/thumb/v7e-m+fp/hard\libg_nano.a(lib_a-nano-mallocr.o)
                0x08004ac4                _malloc_r
 .text.__ssputs_r
                0x08004bac       0xb6 d:/work/tool/at32ide/platform/tools/gcc-arm-none-eabi-10.3-2021.10/bin/../lib/gcc/arm-none-eabi/10.3.1/../../../../arm-none-eabi/lib/thumb/v7e-m+fp/hard\libg_nano.a(lib_a-nano-svfprintf.o)
                0x08004bac                __ssputs_r
 *fill*         0x08004c62        0x2 
 .text._svfprintf_r
                0x08004c64      0x200 d:/work/tool/at32ide/platform/tools/gcc-arm-none-eabi-10.3-2021.10/bin/../lib/gcc/arm-none-eabi/10.3.1/../../../../arm-none-eabi/lib/thumb/v7e-m+fp/hard\libg_nano.a(lib_a-nano-svfprintf.o)
                0x08004c64                _svfiprintf_r
                0x08004c64                _svfprintf_r
 .text._sbrk_r  0x08004e64       0x20 d:/work/tool/at32ide/platform/tools/gcc-arm-none-eabi-10.3-2021.10/bin/../lib/gcc/arm-none-eabi/10.3.1/../../../../arm-none-eabi/lib/thumb/v7e-m+fp/hard\libg_nano.a(lib_a-sbrkr.o)
                0x08004e64                _sbrk_r
 .text.__assert_func
                0x08004e84       0x3c d:/work/tool/at32ide/platform/tools/gcc-arm-none-eabi-10.3-2021.10/bin/../lib/gcc/arm-none-eabi/10.3.1/../../../../arm-none-eabi/lib/thumb/v7e-m+fp/hard\libg_nano.a(lib_a-assert.o)
                0x08004e84                __assert_func
 .text.fprintf  0x08004ec0       0x24 d:/work/tool/at32ide/platform/tools/gcc-arm-none-eabi-10.3-2021.10/bin/../lib/gcc/arm-none-eabi/10.3.1/../../../../arm-none-eabi/lib/thumb/v7e-m+fp/hard\libg_nano.a(lib_a-fprintf.o)
                0x08004ec0                fiprintf
                0x08004ec0                fprintf
 .text.__ascii_mbtowc
                0x08004ee4       0x24 d:/work/tool/at32ide/platform/tools/gcc-arm-none-eabi-10.3-2021.10/bin/../lib/gcc/arm-none-eabi/10.3.1/../../../../arm-none-eabi/lib/thumb/v7e-m+fp/hard\libg_nano.a(lib_a-mbtowc_r.o)
                0x08004ee4                __ascii_mbtowc
 .text.memmove  0x08004f08       0x34 d:/work/tool/at32ide/platform/tools/gcc-arm-none-eabi-10.3-2021.10/bin/../lib/gcc/arm-none-eabi/10.3.1/../../../../arm-none-eabi/lib/thumb/v7e-m+fp/hard\libg_nano.a(lib_a-memmove.o)
                0x08004f08                memmove
 .text.__malloc_lock
                0x08004f3c        0xc d:/work/tool/at32ide/platform/tools/gcc-arm-none-eabi-10.3-2021.10/bin/../lib/gcc/arm-none-eabi/10.3.1/../../../../arm-none-eabi/lib/thumb/v7e-m+fp/hard\libg_nano.a(lib_a-mlock.o)
                0x08004f3c                __malloc_lock
 .text.__malloc_unlock
                0x08004f48        0xc d:/work/tool/at32ide/platform/tools/gcc-arm-none-eabi-10.3-2021.10/bin/../lib/gcc/arm-none-eabi/10.3.1/../../../../arm-none-eabi/lib/thumb/v7e-m+fp/hard\libg_nano.a(lib_a-mlock.o)
                0x08004f48                __malloc_unlock
 .text._realloc_r
                0x08004f54       0x5e d:/work/tool/at32ide/platform/tools/gcc-arm-none-eabi-10.3-2021.10/bin/../lib/gcc/arm-none-eabi/10.3.1/../../../../arm-none-eabi/lib/thumb/v7e-m+fp/hard\libg_nano.a(lib_a-nano-reallocr.o)
                0x08004f54                _realloc_r
 .text.__sfputc_r
                0x08004fb2       0x2e d:/work/tool/at32ide/platform/tools/gcc-arm-none-eabi-10.3-2021.10/bin/../lib/gcc/arm-none-eabi/10.3.1/../../../../arm-none-eabi/lib/thumb/v7e-m+fp/hard\libg_nano.a(lib_a-nano-vfprintf.o)
 .text.__sfputs_r
                0x08004fe0       0x24 d:/work/tool/at32ide/platform/tools/gcc-arm-none-eabi-10.3-2021.10/bin/../lib/gcc/arm-none-eabi/10.3.1/../../../../arm-none-eabi/lib/thumb/v7e-m+fp/hard\libg_nano.a(lib_a-nano-vfprintf.o)
                0x08004fe0                __sfputs_r
 .text._vfprintf_r
                0x08005004      0x260 d:/work/tool/at32ide/platform/tools/gcc-arm-none-eabi-10.3-2021.10/bin/../lib/gcc/arm-none-eabi/10.3.1/../../../../arm-none-eabi/lib/thumb/v7e-m+fp/hard\libg_nano.a(lib_a-nano-vfprintf.o)
                0x08005004                _vfprintf_r
                0x08005004                _vfiprintf_r
 .text.__swbuf_r
                0x08005264       0xa4 d:/work/tool/at32ide/platform/tools/gcc-arm-none-eabi-10.3-2021.10/bin/../lib/gcc/arm-none-eabi/10.3.1/../../../../arm-none-eabi/lib/thumb/v7e-m+fp/hard\libg_nano.a(lib_a-wbuf.o)
                0x08005264                __swbuf_r
 .text.__ascii_wctomb
                0x08005308       0x1a d:/work/tool/at32ide/platform/tools/gcc-arm-none-eabi-10.3-2021.10/bin/../lib/gcc/arm-none-eabi/10.3.1/../../../../arm-none-eabi/lib/thumb/v7e-m+fp/hard\libg_nano.a(lib_a-wctomb_r.o)
                0x08005308                __ascii_wctomb
 *fill*         0x08005322        0x2 
 .text.__swsetup_r
                0x08005324       0xdc d:/work/tool/at32ide/platform/tools/gcc-arm-none-eabi-10.3-2021.10/bin/../lib/gcc/arm-none-eabi/10.3.1/../../../../arm-none-eabi/lib/thumb/v7e-m+fp/hard\libg_nano.a(lib_a-wsetup.o)
                0x08005324                __swsetup_r
 .text.abort    0x08005400        0xe d:/work/tool/at32ide/platform/tools/gcc-arm-none-eabi-10.3-2021.10/bin/../lib/gcc/arm-none-eabi/10.3.1/../../../../arm-none-eabi/lib/thumb/v7e-m+fp/hard\libg_nano.a(lib_a-abort.o)
                0x08005400                abort
 *fill*         0x0800540e        0x2 
 .text.__sflush_r
                0x08005410      0x10c d:/work/tool/at32ide/platform/tools/gcc-arm-none-eabi-10.3-2021.10/bin/../lib/gcc/arm-none-eabi/10.3.1/../../../../arm-none-eabi/lib/thumb/v7e-m+fp/hard\libg_nano.a(lib_a-fflush.o)
                0x08005410                __sflush_r
 .text._fflush_r
                0x0800551c       0x78 d:/work/tool/at32ide/platform/tools/gcc-arm-none-eabi-10.3-2021.10/bin/../lib/gcc/arm-none-eabi/10.3.1/../../../../arm-none-eabi/lib/thumb/v7e-m+fp/hard\libg_nano.a(lib_a-fflush.o)
                0x0800551c                _fflush_r
 .text.std      0x08005594       0x48 d:/work/tool/at32ide/platform/tools/gcc-arm-none-eabi-10.3-2021.10/bin/../lib/gcc/arm-none-eabi/10.3.1/../../../../arm-none-eabi/lib/thumb/v7e-m+fp/hard\libg_nano.a(lib_a-findfp.o)
 .text._cleanup_r
                0x080055dc        0xc d:/work/tool/at32ide/platform/tools/gcc-arm-none-eabi-10.3-2021.10/bin/../lib/gcc/arm-none-eabi/10.3.1/../../../../arm-none-eabi/lib/thumb/v7e-m+fp/hard\libg_nano.a(lib_a-findfp.o)
                0x080055dc                _cleanup_r
 .text.__sfmoreglue
                0x080055e8       0x2c d:/work/tool/at32ide/platform/tools/gcc-arm-none-eabi-10.3-2021.10/bin/../lib/gcc/arm-none-eabi/10.3.1/../../../../arm-none-eabi/lib/thumb/v7e-m+fp/hard\libg_nano.a(lib_a-findfp.o)
                0x080055e8                __sfmoreglue
 .text.__sfp_lock_acquire
                0x08005614        0xc d:/work/tool/at32ide/platform/tools/gcc-arm-none-eabi-10.3-2021.10/bin/../lib/gcc/arm-none-eabi/10.3.1/../../../../arm-none-eabi/lib/thumb/v7e-m+fp/hard\libg_nano.a(lib_a-findfp.o)
                0x08005614                __sfp_lock_acquire
 .text.__sfp_lock_release
                0x08005620        0xc d:/work/tool/at32ide/platform/tools/gcc-arm-none-eabi-10.3-2021.10/bin/../lib/gcc/arm-none-eabi/10.3.1/../../../../arm-none-eabi/lib/thumb/v7e-m+fp/hard\libg_nano.a(lib_a-findfp.o)
                0x08005620                __sfp_lock_release
 .text.__sinit_lock_acquire
                0x0800562c        0xc d:/work/tool/at32ide/platform/tools/gcc-arm-none-eabi-10.3-2021.10/bin/../lib/gcc/arm-none-eabi/10.3.1/../../../../arm-none-eabi/lib/thumb/v7e-m+fp/hard\libg_nano.a(lib_a-findfp.o)
                0x0800562c                __sinit_lock_acquire
 .text.__sinit_lock_release
                0x08005638        0xc d:/work/tool/at32ide/platform/tools/gcc-arm-none-eabi-10.3-2021.10/bin/../lib/gcc/arm-none-eabi/10.3.1/../../../../arm-none-eabi/lib/thumb/v7e-m+fp/hard\libg_nano.a(lib_a-findfp.o)
                0x08005638                __sinit_lock_release
 .text.__sinit  0x08005644       0x70 d:/work/tool/at32ide/platform/tools/gcc-arm-none-eabi-10.3-2021.10/bin/../lib/gcc/arm-none-eabi/10.3.1/../../../../arm-none-eabi/lib/thumb/v7e-m+fp/hard\libg_nano.a(lib_a-findfp.o)
                0x08005644                __sinit
 .text.__sfp    0x080056b4       0x8c d:/work/tool/at32ide/platform/tools/gcc-arm-none-eabi-10.3-2021.10/bin/../lib/gcc/arm-none-eabi/10.3.1/../../../../arm-none-eabi/lib/thumb/v7e-m+fp/hard\libg_nano.a(lib_a-findfp.o)
                0x080056b4                __sfp
 .text._fwalk_reent
                0x08005740       0x3e d:/work/tool/at32ide/platform/tools/gcc-arm-none-eabi-10.3-2021.10/bin/../lib/gcc/arm-none-eabi/10.3.1/../../../../arm-none-eabi/lib/thumb/v7e-m+fp/hard\libg_nano.a(lib_a-fwalk.o)
                0x08005740                _fwalk_reent
 .text.__retarget_lock_init_recursive
                0x0800577e        0x2 d:/work/tool/at32ide/platform/tools/gcc-arm-none-eabi-10.3-2021.10/bin/../lib/gcc/arm-none-eabi/10.3.1/../../../../arm-none-eabi/lib/thumb/v7e-m+fp/hard\libg_nano.a(lib_a-lock.o)
                0x0800577e                __retarget_lock_init_recursive
 .text.__retarget_lock_acquire_recursive
                0x08005780        0x2 d:/work/tool/at32ide/platform/tools/gcc-arm-none-eabi-10.3-2021.10/bin/../lib/gcc/arm-none-eabi/10.3.1/../../../../arm-none-eabi/lib/thumb/v7e-m+fp/hard\libg_nano.a(lib_a-lock.o)
                0x08005780                __retarget_lock_acquire_recursive
 .text.__retarget_lock_release_recursive
                0x08005782        0x2 d:/work/tool/at32ide/platform/tools/gcc-arm-none-eabi-10.3-2021.10/bin/../lib/gcc/arm-none-eabi/10.3.1/../../../../arm-none-eabi/lib/thumb/v7e-m+fp/hard\libg_nano.a(lib_a-lock.o)
                0x08005782                __retarget_lock_release_recursive
 .text.__swhatbuf_r
                0x08005784       0x4a d:/work/tool/at32ide/platform/tools/gcc-arm-none-eabi-10.3-2021.10/bin/../lib/gcc/arm-none-eabi/10.3.1/../../../../arm-none-eabi/lib/thumb/v7e-m+fp/hard\libg_nano.a(lib_a-makebuf.o)
                0x08005784                __swhatbuf_r
 *fill*         0x080057ce        0x2 
 .text.__smakebuf_r
                0x080057d0       0x80 d:/work/tool/at32ide/platform/tools/gcc-arm-none-eabi-10.3-2021.10/bin/../lib/gcc/arm-none-eabi/10.3.1/../../../../arm-none-eabi/lib/thumb/v7e-m+fp/hard\libg_nano.a(lib_a-makebuf.o)
                0x080057d0                __smakebuf_r
 .text._malloc_usable_size_r
                0x08005850       0x10 d:/work/tool/at32ide/platform/tools/gcc-arm-none-eabi-10.3-2021.10/bin/../lib/gcc/arm-none-eabi/10.3.1/../../../../arm-none-eabi/lib/thumb/v7e-m+fp/hard\libg_nano.a(lib_a-nano-msizer.o)
                0x08005850                _malloc_usable_size_r
 .text._raise_r
                0x08005860       0x50 d:/work/tool/at32ide/platform/tools/gcc-arm-none-eabi-10.3-2021.10/bin/../lib/gcc/arm-none-eabi/10.3.1/../../../../arm-none-eabi/lib/thumb/v7e-m+fp/hard\libg_nano.a(lib_a-signal.o)
                0x08005860                _raise_r
 .text.raise    0x080058b0       0x10 d:/work/tool/at32ide/platform/tools/gcc-arm-none-eabi-10.3-2021.10/bin/../lib/gcc/arm-none-eabi/10.3.1/../../../../arm-none-eabi/lib/thumb/v7e-m+fp/hard\libg_nano.a(lib_a-signal.o)
                0x080058b0                raise
 .text._kill_r  0x080058c0       0x24 d:/work/tool/at32ide/platform/tools/gcc-arm-none-eabi-10.3-2021.10/bin/../lib/gcc/arm-none-eabi/10.3.1/../../../../arm-none-eabi/lib/thumb/v7e-m+fp/hard\libg_nano.a(lib_a-signalr.o)
                0x080058c0                _kill_r
 .text._getpid_r
                0x080058e4        0x4 d:/work/tool/at32ide/platform/tools/gcc-arm-none-eabi-10.3-2021.10/bin/../lib/gcc/arm-none-eabi/10.3.1/../../../../arm-none-eabi/lib/thumb/v7e-m+fp/hard\libg_nano.a(lib_a-signalr.o)
                0x080058e4                _getpid_r
 .text.__sread  0x080058e8       0x22 d:/work/tool/at32ide/platform/tools/gcc-arm-none-eabi-10.3-2021.10/bin/../lib/gcc/arm-none-eabi/10.3.1/../../../../arm-none-eabi/lib/thumb/v7e-m+fp/hard\libg_nano.a(lib_a-stdio.o)
                0x080058e8                __sread
 .text.__swrite
                0x0800590a       0x38 d:/work/tool/at32ide/platform/tools/gcc-arm-none-eabi-10.3-2021.10/bin/../lib/gcc/arm-none-eabi/10.3.1/../../../../arm-none-eabi/lib/thumb/v7e-m+fp/hard\libg_nano.a(lib_a-stdio.o)
                0x0800590a                __swrite
 .text.__sseek  0x08005942       0x24 d:/work/tool/at32ide/platform/tools/gcc-arm-none-eabi-10.3-2021.10/bin/../lib/gcc/arm-none-eabi/10.3.1/../../../../arm-none-eabi/lib/thumb/v7e-m+fp/hard\libg_nano.a(lib_a-stdio.o)
                0x08005942                __sseek
 .text.__sclose
                0x08005966        0x8 d:/work/tool/at32ide/platform/tools/gcc-arm-none-eabi-10.3-2021.10/bin/../lib/gcc/arm-none-eabi/10.3.1/../../../../arm-none-eabi/lib/thumb/v7e-m+fp/hard\libg_nano.a(lib_a-stdio.o)
                0x08005966                __sclose
 *fill*         0x0800596e        0x2 
 .text._write_r
                0x08005970       0x24 d:/work/tool/at32ide/platform/tools/gcc-arm-none-eabi-10.3-2021.10/bin/../lib/gcc/arm-none-eabi/10.3.1/../../../../arm-none-eabi/lib/thumb/v7e-m+fp/hard\libg_nano.a(lib_a-writer.o)
                0x08005970                _write_r
 .text._close_r
                0x08005994       0x20 d:/work/tool/at32ide/platform/tools/gcc-arm-none-eabi-10.3-2021.10/bin/../lib/gcc/arm-none-eabi/10.3.1/../../../../arm-none-eabi/lib/thumb/v7e-m+fp/hard\libg_nano.a(lib_a-closer.o)
                0x08005994                _close_r
 .text._fstat_r
                0x080059b4       0x24 d:/work/tool/at32ide/platform/tools/gcc-arm-none-eabi-10.3-2021.10/bin/../lib/gcc/arm-none-eabi/10.3.1/../../../../arm-none-eabi/lib/thumb/v7e-m+fp/hard\libg_nano.a(lib_a-fstatr.o)
                0x080059b4                _fstat_r
 .text._isatty_r
                0x080059d8       0x20 d:/work/tool/at32ide/platform/tools/gcc-arm-none-eabi-10.3-2021.10/bin/../lib/gcc/arm-none-eabi/10.3.1/../../../../arm-none-eabi/lib/thumb/v7e-m+fp/hard\libg_nano.a(lib_a-isattyr.o)
                0x080059d8                _isatty_r
 .text._lseek_r
                0x080059f8       0x24 d:/work/tool/at32ide/platform/tools/gcc-arm-none-eabi-10.3-2021.10/bin/../lib/gcc/arm-none-eabi/10.3.1/../../../../arm-none-eabi/lib/thumb/v7e-m+fp/hard\libg_nano.a(lib_a-lseekr.o)
                0x080059f8                _lseek_r
 .text._read_r  0x08005a1c       0x24 d:/work/tool/at32ide/platform/tools/gcc-arm-none-eabi-10.3-2021.10/bin/../lib/gcc/arm-none-eabi/10.3.1/../../../../arm-none-eabi/lib/thumb/v7e-m+fp/hard\libg_nano.a(lib_a-readr.o)
                0x08005a1c                _read_r
 .text._close   0x08005a40       0x10 d:/work/tool/at32ide/platform/tools/gcc-arm-none-eabi-10.3-2021.10/bin/../lib/gcc/arm-none-eabi/10.3.1/../../../../arm-none-eabi/lib/thumb/v7e-m+fp/hard\libnosys.a(close.o)
                0x08005a40                _close
 .text._fstat   0x08005a50       0x10 d:/work/tool/at32ide/platform/tools/gcc-arm-none-eabi-10.3-2021.10/bin/../lib/gcc/arm-none-eabi/10.3.1/../../../../arm-none-eabi/lib/thumb/v7e-m+fp/hard\libnosys.a(fstat.o)
                0x08005a50                _fstat
 .text._getpid  0x08005a60       0x10 d:/work/tool/at32ide/platform/tools/gcc-arm-none-eabi-10.3-2021.10/bin/../lib/gcc/arm-none-eabi/10.3.1/../../../../arm-none-eabi/lib/thumb/v7e-m+fp/hard\libnosys.a(getpid.o)
                0x08005a60                _getpid
 .text._isatty  0x08005a70       0x10 d:/work/tool/at32ide/platform/tools/gcc-arm-none-eabi-10.3-2021.10/bin/../lib/gcc/arm-none-eabi/10.3.1/../../../../arm-none-eabi/lib/thumb/v7e-m+fp/hard\libnosys.a(isatty.o)
                0x08005a70                _isatty
 .text._kill    0x08005a80       0x10 d:/work/tool/at32ide/platform/tools/gcc-arm-none-eabi-10.3-2021.10/bin/../lib/gcc/arm-none-eabi/10.3.1/../../../../arm-none-eabi/lib/thumb/v7e-m+fp/hard\libnosys.a(kill.o)
                0x08005a80                _kill
 .text._lseek   0x08005a90       0x10 d:/work/tool/at32ide/platform/tools/gcc-arm-none-eabi-10.3-2021.10/bin/../lib/gcc/arm-none-eabi/10.3.1/../../../../arm-none-eabi/lib/thumb/v7e-m+fp/hard\libnosys.a(lseek.o)
                0x08005a90                _lseek
 .text._read    0x08005aa0       0x10 d:/work/tool/at32ide/platform/tools/gcc-arm-none-eabi-10.3-2021.10/bin/../lib/gcc/arm-none-eabi/10.3.1/../../../../arm-none-eabi/lib/thumb/v7e-m+fp/hard\libnosys.a(read.o)
                0x08005aa0                _read
 .text._sbrk    0x08005ab0       0x1c d:/work/tool/at32ide/platform/tools/gcc-arm-none-eabi-10.3-2021.10/bin/../lib/gcc/arm-none-eabi/10.3.1/../../../../arm-none-eabi/lib/thumb/v7e-m+fp/hard\libnosys.a(sbrk.o)
                0x08005ab0                _sbrk
 .text._write   0x08005acc       0x10 d:/work/tool/at32ide/platform/tools/gcc-arm-none-eabi-10.3-2021.10/bin/../lib/gcc/arm-none-eabi/10.3.1/../../../../arm-none-eabi/lib/thumb/v7e-m+fp/hard\libnosys.a(write.o)
                0x08005acc                _write
 .text._exit    0x08005adc        0x4 d:/work/tool/at32ide/platform/tools/gcc-arm-none-eabi-10.3-2021.10/bin/../lib/gcc/arm-none-eabi/10.3.1/../../../../arm-none-eabi/lib/thumb/v7e-m+fp/hard\libnosys.a(_exit.o)
                0x08005adc                _exit
 *(.glue_7)
 .glue_7        0x08005ae0        0x0 linker stubs
 *(.glue_7t)
 .glue_7t       0x08005ae0        0x0 linker stubs
 *(.eh_frame)
 .eh_frame      0x08005ae0        0x0 d:/work/tool/at32ide/platform/tools/gcc-arm-none-eabi-10.3-2021.10/bin/../lib/gcc/arm-none-eabi/10.3.1/thumb/v7e-m+fp/hard/crtbegin.o
 *(.init)
 .init          0x08005ae0        0x4 d:/work/tool/at32ide/platform/tools/gcc-arm-none-eabi-10.3-2021.10/bin/../lib/gcc/arm-none-eabi/10.3.1/thumb/v7e-m+fp/hard/crti.o
                0x08005ae0                _init
 .init          0x08005ae4        0x8 d:/work/tool/at32ide/platform/tools/gcc-arm-none-eabi-10.3-2021.10/bin/../lib/gcc/arm-none-eabi/10.3.1/thumb/v7e-m+fp/hard/crtn.o
 *(.fini)
 .fini          0x08005aec        0x4 d:/work/tool/at32ide/platform/tools/gcc-arm-none-eabi-10.3-2021.10/bin/../lib/gcc/arm-none-eabi/10.3.1/thumb/v7e-m+fp/hard/crti.o
                0x08005aec                _fini
 .fini          0x08005af0        0x8 d:/work/tool/at32ide/platform/tools/gcc-arm-none-eabi-10.3-2021.10/bin/../lib/gcc/arm-none-eabi/10.3.1/thumb/v7e-m+fp/hard/crtn.o
                0x08005af8                . = ALIGN (0x4)
                0x08005af8                _etext = .

.vfp11_veneer   0x08005af8        0x0
 .vfp11_veneer  0x08005af8        0x0 linker stubs

.v4_bx          0x08005af8        0x0
 .v4_bx         0x08005af8        0x0 linker stubs

.iplt           0x08005af8        0x0
 .iplt          0x08005af8        0x0 d:/work/tool/at32ide/platform/tools/gcc-arm-none-eabi-10.3-2021.10/bin/../lib/gcc/arm-none-eabi/10.3.1/thumb/v7e-m+fp/hard/crtbegin.o

.rodata         0x08005af8      0x5d4
                0x08005af8                . = ALIGN (0x4)
 *(.rodata)
 .rodata        0x08005af8       0x8e ./user/be2_spi.o
 *fill*         0x08005b86        0x2 
 .rodata        0x08005b88       0xd3 ./user/main.o
 *fill*         0x08005c5b        0x1 
 .rodata        0x08005c5c       0x30 ./firmware/at32f402_405_crm.o
 .rodata        0x08005c8c       0x20 ./cmsis/system_at32f402_405.o
 *(.rodata*)
 .rodata._global_impure_ptr
                0x08005cac        0x4 d:/work/tool/at32ide/platform/tools/gcc-arm-none-eabi-10.3-2021.10/bin/../lib/gcc/arm-none-eabi/10.3.1/../../../../arm-none-eabi/lib/thumb/v7e-m+fp/hard\libg_nano.a(lib_a-impure.o)
                0x08005cac                _global_impure_ptr
 .rodata._printf_float.str1.1
                0x08005cb0       0x12 d:/work/tool/at32ide/platform/tools/gcc-arm-none-eabi-10.3-2021.10/bin/../lib/gcc/arm-none-eabi/10.3.1/../../../../arm-none-eabi/lib/thumb/v7e-m+fp/hard\libg_nano.a(lib_a-nano-vfprintf_float.o)
 .rodata._printf_i.str1.1
                0x08005cc2       0x22 d:/work/tool/at32ide/platform/tools/gcc-arm-none-eabi-10.3-2021.10/bin/../lib/gcc/arm-none-eabi/10.3.1/../../../../arm-none-eabi/lib/thumb/v7e-m+fp/hard\libg_nano.a(lib_a-nano-vfprintf_i.o)
 .rodata._dtoa_r.str1.1
                0x08005ce4       0xb3 d:/work/tool/at32ide/platform/tools/gcc-arm-none-eabi-10.3-2021.10/bin/../lib/gcc/arm-none-eabi/10.3.1/../../../../arm-none-eabi/lib/thumb/v7e-m+fp/hard\libg_nano.a(lib_a-dtoa.o)
                                 0xb5 (size before relaxing)
 .rodata._Balloc.str1.1
                0x08005d97       0x7f d:/work/tool/at32ide/platform/tools/gcc-arm-none-eabi-10.3-2021.10/bin/../lib/gcc/arm-none-eabi/10.3.1/../../../../arm-none-eabi/lib/thumb/v7e-m+fp/hard\libg_nano.a(lib_a-mprec.o)
                                 0x96 (size before relaxing)
 .rodata.__multadd.str1.1
                0x08005e16       0x11 d:/work/tool/at32ide/platform/tools/gcc-arm-none-eabi-10.3-2021.10/bin/../lib/gcc/arm-none-eabi/10.3.1/../../../../arm-none-eabi/lib/thumb/v7e-m+fp/hard\libg_nano.a(lib_a-mprec.o)
 *fill*         0x08005e16        0x2 
 .rodata.__mprec_bigtens
                0x08005e18       0x28 d:/work/tool/at32ide/platform/tools/gcc-arm-none-eabi-10.3-2021.10/bin/../lib/gcc/arm-none-eabi/10.3.1/../../../../arm-none-eabi/lib/thumb/v7e-m+fp/hard\libg_nano.a(lib_a-mprec.o)
                0x08005e18                __mprec_bigtens
 .rodata.__mprec_tens
                0x08005e40       0xc8 d:/work/tool/at32ide/platform/tools/gcc-arm-none-eabi-10.3-2021.10/bin/../lib/gcc/arm-none-eabi/10.3.1/../../../../arm-none-eabi/lib/thumb/v7e-m+fp/hard\libg_nano.a(lib_a-mprec.o)
                0x08005e40                __mprec_tens
 .rodata.p05.0  0x08005f08        0xc d:/work/tool/at32ide/platform/tools/gcc-arm-none-eabi-10.3-2021.10/bin/../lib/gcc/arm-none-eabi/10.3.1/../../../../arm-none-eabi/lib/thumb/v7e-m+fp/hard\libg_nano.a(lib_a-mprec.o)
 .rodata._svfprintf_r.str1.1
                0x08005f14       0x11 d:/work/tool/at32ide/platform/tools/gcc-arm-none-eabi-10.3-2021.10/bin/../lib/gcc/arm-none-eabi/10.3.1/../../../../arm-none-eabi/lib/thumb/v7e-m+fp/hard\libg_nano.a(lib_a-nano-svfprintf.o)
 .rodata.__assert_func.str1.1
                0x08005f25       0x3c d:/work/tool/at32ide/platform/tools/gcc-arm-none-eabi-10.3-2021.10/bin/../lib/gcc/arm-none-eabi/10.3.1/../../../../arm-none-eabi/lib/thumb/v7e-m+fp/hard\libg_nano.a(lib_a-assert.o)
                                 0x3d (size before relaxing)
 .rodata._setlocale_r.str1.1
                0x08005f61        0x8 d:/work/tool/at32ide/platform/tools/gcc-arm-none-eabi-10.3-2021.10/bin/../lib/gcc/arm-none-eabi/10.3.1/../../../../arm-none-eabi/lib/thumb/v7e-m+fp/hard\libg_nano.a(lib_a-locale.o)
                                  0x9 (size before relaxing)
 .rodata.str1.1
                0x08005f69        0x2 d:/work/tool/at32ide/platform/tools/gcc-arm-none-eabi-10.3-2021.10/bin/../lib/gcc/arm-none-eabi/10.3.1/../../../../arm-none-eabi/lib/thumb/v7e-m+fp/hard\libg_nano.a(lib_a-locale.o)
 .rodata._vfprintf_r.str1.1
                0x08005f6b       0x11 d:/work/tool/at32ide/platform/tools/gcc-arm-none-eabi-10.3-2021.10/bin/../lib/gcc/arm-none-eabi/10.3.1/../../../../arm-none-eabi/lib/thumb/v7e-m+fp/hard\libg_nano.a(lib_a-nano-vfprintf.o)
 .rodata._ctype_
                0x08005f6b      0x101 d:/work/tool/at32ide/platform/tools/gcc-arm-none-eabi-10.3-2021.10/bin/../lib/gcc/arm-none-eabi/10.3.1/../../../../arm-none-eabi/lib/thumb/v7e-m+fp/hard\libg_nano.a(lib_a-ctype_.o)
                0x08005f6b                _ctype_
 .rodata.__sf_fake_stderr
                0x0800606c       0x20 d:/work/tool/at32ide/platform/tools/gcc-arm-none-eabi-10.3-2021.10/bin/../lib/gcc/arm-none-eabi/10.3.1/../../../../arm-none-eabi/lib/thumb/v7e-m+fp/hard\libg_nano.a(lib_a-findfp.o)
                0x0800606c                __sf_fake_stderr
 .rodata.__sf_fake_stdin
                0x0800608c       0x20 d:/work/tool/at32ide/platform/tools/gcc-arm-none-eabi-10.3-2021.10/bin/../lib/gcc/arm-none-eabi/10.3.1/../../../../arm-none-eabi/lib/thumb/v7e-m+fp/hard\libg_nano.a(lib_a-findfp.o)
                0x0800608c                __sf_fake_stdin
 .rodata.__sf_fake_stdout
                0x080060ac       0x20 d:/work/tool/at32ide/platform/tools/gcc-arm-none-eabi-10.3-2021.10/bin/../lib/gcc/arm-none-eabi/10.3.1/../../../../arm-none-eabi/lib/thumb/v7e-m+fp/hard\libg_nano.a(lib_a-findfp.o)
                0x080060ac                __sf_fake_stdout
                0x080060cc                . = ALIGN (0x4)

.ARM.extab
 *(.ARM.extab* .gnu.linkonce.armextab.*)

.ARM            0x080060cc        0x8
                0x080060cc                __exidx_start = .
 *(.ARM.exidx*)
 .ARM.exidx     0x080060cc        0x8 d:/work/tool/at32ide/platform/tools/gcc-arm-none-eabi-10.3-2021.10/bin/../lib/gcc/arm-none-eabi/10.3.1/thumb/v7e-m+fp/hard\libgcc.a(_udivmoddi4.o)
                0x080060d4                __exidx_end = .

.rel.dyn        0x080060d4        0x0
 .rel.iplt      0x080060d4        0x0 d:/work/tool/at32ide/platform/tools/gcc-arm-none-eabi-10.3-2021.10/bin/../lib/gcc/arm-none-eabi/10.3.1/thumb/v7e-m+fp/hard/crtbegin.o

.preinit_array  0x080060d4        0x0
                0x080060d4                PROVIDE (__preinit_array_start = .)
 *(.preinit_array*)
                0x080060d4                PROVIDE (__preinit_array_end = .)

.init_array     0x080060d4        0x4
                0x080060d4                PROVIDE (__init_array_start = .)
 *(SORT_BY_NAME(.init_array.*))
 *(.init_array*)
 .init_array    0x080060d4        0x4 d:/work/tool/at32ide/platform/tools/gcc-arm-none-eabi-10.3-2021.10/bin/../lib/gcc/arm-none-eabi/10.3.1/thumb/v7e-m+fp/hard/crtbegin.o
                0x080060d8                PROVIDE (__init_array_end = .)

.fini_array     0x080060d8        0x4
                [!provide]                PROVIDE (__fini_array_start = .)
 *(SORT_BY_NAME(.fini_array.*))
 *(.fini_array*)
 .fini_array    0x080060d8        0x4 d:/work/tool/at32ide/platform/tools/gcc-arm-none-eabi-10.3-2021.10/bin/../lib/gcc/arm-none-eabi/10.3.1/thumb/v7e-m+fp/hard/crtbegin.o
                [!provide]                PROVIDE (__fini_array_end = .)
                0x080060dc                _sidata = LOADADDR (.data)

.data           0x20000000      0x1d4 load address 0x080060dc
                0x20000000                . = ALIGN (0x4)
                0x20000000                _sdata = .
 *(.data)
 .data          0x20000000        0x4 ./cmsis/system_at32f402_405.o
                0x20000000                system_core_clock
 *(.data*)
 .data._impure_ptr
                0x20000004        0x4 d:/work/tool/at32ide/platform/tools/gcc-arm-none-eabi-10.3-2021.10/bin/../lib/gcc/arm-none-eabi/10.3.1/../../../../arm-none-eabi/lib/thumb/v7e-m+fp/hard\libg_nano.a(lib_a-impure.o)
                0x20000004                _impure_ptr
 .data.impure_data
                0x20000008       0x60 d:/work/tool/at32ide/platform/tools/gcc-arm-none-eabi-10.3-2021.10/bin/../lib/gcc/arm-none-eabi/10.3.1/../../../../arm-none-eabi/lib/thumb/v7e-m+fp/hard\libg_nano.a(lib_a-impure.o)
 .data.__global_locale
                0x20000068      0x16c d:/work/tool/at32ide/platform/tools/gcc-arm-none-eabi-10.3-2021.10/bin/../lib/gcc/arm-none-eabi/10.3.1/../../../../arm-none-eabi/lib/thumb/v7e-m+fp/hard\libg_nano.a(lib_a-locale.o)
                0x20000068                __global_locale
                0x200001d4                . = ALIGN (0x4)
                0x200001d4                _edata = .

.igot.plt       0x200001d4        0x0 load address 0x080062b0
 .igot.plt      0x200001d4        0x0 d:/work/tool/at32ide/platform/tools/gcc-arm-none-eabi-10.3-2021.10/bin/../lib/gcc/arm-none-eabi/10.3.1/thumb/v7e-m+fp/hard/crtbegin.o
                0x200001d4                . = ALIGN (0x4)

.bss            0x200001d4       0x34 load address 0x080062b0
                0x200001d4                _sbss = .
                0x200001d4                __bss_start__ = _sbss
 *(.bss)
 .bss           0x200001d4       0x1c d:/work/tool/at32ide/platform/tools/gcc-arm-none-eabi-10.3-2021.10/bin/../lib/gcc/arm-none-eabi/10.3.1/thumb/v7e-m+fp/hard/crtbegin.o
 .bss           0x200001f0        0x4 ./user/wk_system.o
                0x200001f0                ticks_count_us
 *(.bss*)
 .bss.__malloc_free_list
                0x200001f4        0x4 d:/work/tool/at32ide/platform/tools/gcc-arm-none-eabi-10.3-2021.10/bin/../lib/gcc/arm-none-eabi/10.3.1/../../../../arm-none-eabi/lib/thumb/v7e-m+fp/hard\libg_nano.a(lib_a-nano-mallocr.o)
                0x200001f4                __malloc_free_list
 .bss.__malloc_sbrk_start
                0x200001f8        0x4 d:/work/tool/at32ide/platform/tools/gcc-arm-none-eabi-10.3-2021.10/bin/../lib/gcc/arm-none-eabi/10.3.1/../../../../arm-none-eabi/lib/thumb/v7e-m+fp/hard\libg_nano.a(lib_a-nano-mallocr.o)
                0x200001f8                __malloc_sbrk_start
 .bss.errno     0x200001fc        0x4 d:/work/tool/at32ide/platform/tools/gcc-arm-none-eabi-10.3-2021.10/bin/../lib/gcc/arm-none-eabi/10.3.1/../../../../arm-none-eabi/lib/thumb/v7e-m+fp/hard\libg_nano.a(lib_a-reent.o)
                0x200001fc                errno
 .bss.__lock___malloc_recursive_mutex
                0x20000200        0x1 d:/work/tool/at32ide/platform/tools/gcc-arm-none-eabi-10.3-2021.10/bin/../lib/gcc/arm-none-eabi/10.3.1/../../../../arm-none-eabi/lib/thumb/v7e-m+fp/hard\libg_nano.a(lib_a-lock.o)
                0x20000200                __lock___malloc_recursive_mutex
 .bss.__lock___sfp_recursive_mutex
                0x20000201        0x1 d:/work/tool/at32ide/platform/tools/gcc-arm-none-eabi-10.3-2021.10/bin/../lib/gcc/arm-none-eabi/10.3.1/../../../../arm-none-eabi/lib/thumb/v7e-m+fp/hard\libg_nano.a(lib_a-lock.o)
                0x20000201                __lock___sfp_recursive_mutex
 .bss.__lock___sinit_recursive_mutex
                0x20000202        0x1 d:/work/tool/at32ide/platform/tools/gcc-arm-none-eabi-10.3-2021.10/bin/../lib/gcc/arm-none-eabi/10.3.1/../../../../arm-none-eabi/lib/thumb/v7e-m+fp/hard\libg_nano.a(lib_a-lock.o)
                0x20000202                __lock___sinit_recursive_mutex
 *fill*         0x20000203        0x1 
 .bss.heap_end.0
                0x20000204        0x4 d:/work/tool/at32ide/platform/tools/gcc-arm-none-eabi-10.3-2021.10/bin/../lib/gcc/arm-none-eabi/10.3.1/../../../../arm-none-eabi/lib/thumb/v7e-m+fp/hard\libnosys.a(sbrk.o)
 *(COMMON)
                0x20000208                . = ALIGN (0x4)
                0x20000208                _ebss = .
                0x20000208                __bss_end__ = _ebss

._user_heap_stack
                0x20000208      0x600 load address 0x080062b0
                0x20000208                . = ALIGN (0x8)
                0x20000208                PROVIDE (end = .)
                [!provide]                PROVIDE (_end = .)
                0x20000408                . = (. + _Min_Heap_Size)
 *fill*         0x20000208      0x200 
                0x20000808                . = (. + _Min_Stack_Size)
 *fill*         0x20000408      0x400 
                0x20000808                . = ALIGN (0x8)

/DISCARD/
 libc.a(*)
 libm.a(*)
 libgcc.a(*)

.ARM.attributes
                0x00000000       0x30
 *(.ARM.attributes)
 .ARM.attributes
                0x00000000       0x1e d:/work/tool/at32ide/platform/tools/gcc-arm-none-eabi-10.3-2021.10/bin/../lib/gcc/arm-none-eabi/10.3.1/thumb/v7e-m+fp/hard/crti.o
 .ARM.attributes
                0x0000001e       0x34 d:/work/tool/at32ide/platform/tools/gcc-arm-none-eabi-10.3-2021.10/bin/../lib/gcc/arm-none-eabi/10.3.1/thumb/v7e-m+fp/hard/crtbegin.o
 .ARM.attributes
                0x00000052       0x34 ./user/Serial.o
 .ARM.attributes
                0x00000086       0x34 ./user/at32f402_405_int.o
 .ARM.attributes
                0x000000ba       0x34 ./user/at32f402_405_wk_config.o
 .ARM.attributes
                0x000000ee       0x34 ./user/be2_spi.o
 .ARM.attributes
                0x00000122       0x34 ./user/main.o
 .ARM.attributes
                0x00000156       0x34 ./user/wk_spi.o
 .ARM.attributes
                0x0000018a       0x34 ./user/wk_system.o
 .ARM.attributes
                0x000001be       0x34 ./user/wk_usart.o
 .ARM.attributes
                0x000001f2       0x34 ./firmware/at32f402_405_crm.o
 .ARM.attributes
                0x00000226       0x34 ./firmware/at32f402_405_gpio.o
 .ARM.attributes
                0x0000025a       0x34 ./firmware/at32f402_405_misc.o
 .ARM.attributes
                0x0000028e       0x34 ./firmware/at32f402_405_spi.o
 .ARM.attributes
                0x000002c2       0x34 ./firmware/at32f402_405_usart.o
 .ARM.attributes
                0x000002f6       0x34 ./cmsis/system_at32f402_405.o
 .ARM.attributes
                0x0000032a       0x21 ./startup_at32f402_405.o
 .ARM.attributes
                0x0000034b       0x1e d:/work/tool/at32ide/platform/tools/gcc-arm-none-eabi-10.3-2021.10/bin/../lib/gcc/arm-none-eabi/10.3.1/thumb/v7e-m+fp/hard\libgcc.a(_aeabi_uldivmod.o)
 .ARM.attributes
                0x00000369       0x34 d:/work/tool/at32ide/platform/tools/gcc-arm-none-eabi-10.3-2021.10/bin/../lib/gcc/arm-none-eabi/10.3.1/thumb/v7e-m+fp/hard\libgcc.a(_udivmoddi4.o)
 .ARM.attributes
                0x0000039d       0x1e d:/work/tool/at32ide/platform/tools/gcc-arm-none-eabi-10.3-2021.10/bin/../lib/gcc/arm-none-eabi/10.3.1/thumb/v7e-m+fp/hard\libgcc.a(_dvmd_tls.o)
 .ARM.attributes
                0x000003bb       0x34 d:/work/tool/at32ide/platform/tools/gcc-arm-none-eabi-10.3-2021.10/bin/../lib/gcc/arm-none-eabi/10.3.1/../../../../arm-none-eabi/lib/thumb/v7e-m+fp/hard\libg_nano.a(lib_a-impure.o)
 .ARM.attributes
                0x000003ef       0x34 d:/work/tool/at32ide/platform/tools/gcc-arm-none-eabi-10.3-2021.10/bin/../lib/gcc/arm-none-eabi/10.3.1/../../../../arm-none-eabi/lib/thumb/v7e-m+fp/hard\libg_nano.a(lib_a-init.o)
 .ARM.attributes
                0x00000423       0x34 d:/work/tool/at32ide/platform/tools/gcc-arm-none-eabi-10.3-2021.10/bin/../lib/gcc/arm-none-eabi/10.3.1/../../../../arm-none-eabi/lib/thumb/v7e-m+fp/hard\libg_nano.a(lib_a-memset.o)
 .ARM.attributes
                0x00000457       0x34 d:/work/tool/at32ide/platform/tools/gcc-arm-none-eabi-10.3-2021.10/bin/../lib/gcc/arm-none-eabi/10.3.1/../../../../arm-none-eabi/lib/thumb/v7e-m+fp/hard\libg_nano.a(lib_a-nano-vfprintf_float.o)
 .ARM.attributes
                0x0000048b       0x34 d:/work/tool/at32ide/platform/tools/gcc-arm-none-eabi-10.3-2021.10/bin/../lib/gcc/arm-none-eabi/10.3.1/../../../../arm-none-eabi/lib/thumb/v7e-m+fp/hard\libg_nano.a(lib_a-nano-vfprintf_i.o)
 .ARM.attributes
                0x000004bf       0x17 d:/work/tool/at32ide/platform/tools/gcc-arm-none-eabi-10.3-2021.10/bin/../lib/gcc/arm-none-eabi/10.3.1/../../../../arm-none-eabi/lib/thumb/v7e-m+fp/hard\libg_nano.a(lib_a-strlen.o)
 .ARM.attributes
                0x000004d6       0x34 d:/work/tool/at32ide/platform/tools/gcc-arm-none-eabi-10.3-2021.10/bin/../lib/gcc/arm-none-eabi/10.3.1/../../../../arm-none-eabi/lib/thumb/v7e-m+fp/hard\libg_nano.a(lib_a-vsprintf.o)
 .ARM.attributes
                0x0000050a       0x34 d:/work/tool/at32ide/platform/tools/gcc-arm-none-eabi-10.3-2021.10/bin/../lib/gcc/arm-none-eabi/10.3.1/../../../../arm-none-eabi/lib/thumb/v7e-m+fp/hard\libg_nano.a(lib_a-dtoa.o)
 .ARM.attributes
                0x0000053e       0x34 d:/work/tool/at32ide/platform/tools/gcc-arm-none-eabi-10.3-2021.10/bin/../lib/gcc/arm-none-eabi/10.3.1/../../../../arm-none-eabi/lib/thumb/v7e-m+fp/hard\libg_nano.a(lib_a-localeconv.o)
 .ARM.attributes
                0x00000572       0x34 d:/work/tool/at32ide/platform/tools/gcc-arm-none-eabi-10.3-2021.10/bin/../lib/gcc/arm-none-eabi/10.3.1/../../../../arm-none-eabi/lib/thumb/v7e-m+fp/hard\libg_nano.a(lib_a-malloc.o)
 .ARM.attributes
                0x000005a6       0x1c d:/work/tool/at32ide/platform/tools/gcc-arm-none-eabi-10.3-2021.10/bin/../lib/gcc/arm-none-eabi/10.3.1/../../../../arm-none-eabi/lib/thumb/v7e-m+fp/hard\libg_nano.a(lib_a-memchr.o)
 .ARM.attributes
                0x000005c2       0x34 d:/work/tool/at32ide/platform/tools/gcc-arm-none-eabi-10.3-2021.10/bin/../lib/gcc/arm-none-eabi/10.3.1/../../../../arm-none-eabi/lib/thumb/v7e-m+fp/hard\libg_nano.a(lib_a-memcpy-stub.o)
 .ARM.attributes
                0x000005f6       0x34 d:/work/tool/at32ide/platform/tools/gcc-arm-none-eabi-10.3-2021.10/bin/../lib/gcc/arm-none-eabi/10.3.1/../../../../arm-none-eabi/lib/thumb/v7e-m+fp/hard\libg_nano.a(lib_a-mprec.o)
 .ARM.attributes
                0x0000062a       0x34 d:/work/tool/at32ide/platform/tools/gcc-arm-none-eabi-10.3-2021.10/bin/../lib/gcc/arm-none-eabi/10.3.1/../../../../arm-none-eabi/lib/thumb/v7e-m+fp/hard\libg_nano.a(lib_a-nano-callocr.o)
 .ARM.attributes
                0x0000065e       0x34 d:/work/tool/at32ide/platform/tools/gcc-arm-none-eabi-10.3-2021.10/bin/../lib/gcc/arm-none-eabi/10.3.1/../../../../arm-none-eabi/lib/thumb/v7e-m+fp/hard\libg_nano.a(lib_a-nano-freer.o)
 .ARM.attributes
                0x00000692       0x34 d:/work/tool/at32ide/platform/tools/gcc-arm-none-eabi-10.3-2021.10/bin/../lib/gcc/arm-none-eabi/10.3.1/../../../../arm-none-eabi/lib/thumb/v7e-m+fp/hard\libg_nano.a(lib_a-nano-mallocr.o)
 .ARM.attributes
                0x000006c6       0x34 d:/work/tool/at32ide/platform/tools/gcc-arm-none-eabi-10.3-2021.10/bin/../lib/gcc/arm-none-eabi/10.3.1/../../../../arm-none-eabi/lib/thumb/v7e-m+fp/hard\libg_nano.a(lib_a-nano-svfprintf.o)
 .ARM.attributes
                0x000006fa       0x34 d:/work/tool/at32ide/platform/tools/gcc-arm-none-eabi-10.3-2021.10/bin/../lib/gcc/arm-none-eabi/10.3.1/../../../../arm-none-eabi/lib/thumb/v7e-m+fp/hard\libg_nano.a(lib_a-sbrkr.o)
 .ARM.attributes
                0x0000072e       0x34 d:/work/tool/at32ide/platform/tools/gcc-arm-none-eabi-10.3-2021.10/bin/../lib/gcc/arm-none-eabi/10.3.1/../../../../arm-none-eabi/lib/thumb/v7e-m+fp/hard\libg_nano.a(lib_a-assert.o)
 .ARM.attributes
                0x00000762       0x34 d:/work/tool/at32ide/platform/tools/gcc-arm-none-eabi-10.3-2021.10/bin/../lib/gcc/arm-none-eabi/10.3.1/../../../../arm-none-eabi/lib/thumb/v7e-m+fp/hard\libg_nano.a(lib_a-fprintf.o)
 .ARM.attributes
                0x00000796       0x34 d:/work/tool/at32ide/platform/tools/gcc-arm-none-eabi-10.3-2021.10/bin/../lib/gcc/arm-none-eabi/10.3.1/../../../../arm-none-eabi/lib/thumb/v7e-m+fp/hard\libg_nano.a(lib_a-locale.o)
 .ARM.attributes
                0x000007ca       0x34 d:/work/tool/at32ide/platform/tools/gcc-arm-none-eabi-10.3-2021.10/bin/../lib/gcc/arm-none-eabi/10.3.1/../../../../arm-none-eabi/lib/thumb/v7e-m+fp/hard\libg_nano.a(lib_a-mbtowc_r.o)
 .ARM.attributes
                0x000007fe       0x34 d:/work/tool/at32ide/platform/tools/gcc-arm-none-eabi-10.3-2021.10/bin/../lib/gcc/arm-none-eabi/10.3.1/../../../../arm-none-eabi/lib/thumb/v7e-m+fp/hard\libg_nano.a(lib_a-memmove.o)
 .ARM.attributes
                0x00000832       0x34 d:/work/tool/at32ide/platform/tools/gcc-arm-none-eabi-10.3-2021.10/bin/../lib/gcc/arm-none-eabi/10.3.1/../../../../arm-none-eabi/lib/thumb/v7e-m+fp/hard\libg_nano.a(lib_a-mlock.o)
 .ARM.attributes
                0x00000866       0x34 d:/work/tool/at32ide/platform/tools/gcc-arm-none-eabi-10.3-2021.10/bin/../lib/gcc/arm-none-eabi/10.3.1/../../../../arm-none-eabi/lib/thumb/v7e-m+fp/hard\libg_nano.a(lib_a-nano-reallocr.o)
 .ARM.attributes
                0x0000089a       0x34 d:/work/tool/at32ide/platform/tools/gcc-arm-none-eabi-10.3-2021.10/bin/../lib/gcc/arm-none-eabi/10.3.1/../../../../arm-none-eabi/lib/thumb/v7e-m+fp/hard\libg_nano.a(lib_a-nano-vfprintf.o)
 .ARM.attributes
                0x000008ce       0x34 d:/work/tool/at32ide/platform/tools/gcc-arm-none-eabi-10.3-2021.10/bin/../lib/gcc/arm-none-eabi/10.3.1/../../../../arm-none-eabi/lib/thumb/v7e-m+fp/hard\libg_nano.a(lib_a-reent.o)
 .ARM.attributes
                0x00000902       0x34 d:/work/tool/at32ide/platform/tools/gcc-arm-none-eabi-10.3-2021.10/bin/../lib/gcc/arm-none-eabi/10.3.1/../../../../arm-none-eabi/lib/thumb/v7e-m+fp/hard\libg_nano.a(lib_a-wbuf.o)
 .ARM.attributes
                0x00000936       0x34 d:/work/tool/at32ide/platform/tools/gcc-arm-none-eabi-10.3-2021.10/bin/../lib/gcc/arm-none-eabi/10.3.1/../../../../arm-none-eabi/lib/thumb/v7e-m+fp/hard\libg_nano.a(lib_a-wctomb_r.o)
 .ARM.attributes
                0x0000096a       0x34 d:/work/tool/at32ide/platform/tools/gcc-arm-none-eabi-10.3-2021.10/bin/../lib/gcc/arm-none-eabi/10.3.1/../../../../arm-none-eabi/lib/thumb/v7e-m+fp/hard\libg_nano.a(lib_a-wsetup.o)
 .ARM.attributes
                0x0000099e       0x34 d:/work/tool/at32ide/platform/tools/gcc-arm-none-eabi-10.3-2021.10/bin/../lib/gcc/arm-none-eabi/10.3.1/../../../../arm-none-eabi/lib/thumb/v7e-m+fp/hard\libg_nano.a(lib_a-abort.o)
 .ARM.attributes
                0x000009d2       0x34 d:/work/tool/at32ide/platform/tools/gcc-arm-none-eabi-10.3-2021.10/bin/../lib/gcc/arm-none-eabi/10.3.1/../../../../arm-none-eabi/lib/thumb/v7e-m+fp/hard\libg_nano.a(lib_a-ctype_.o)
 .ARM.attributes
                0x00000a06       0x34 d:/work/tool/at32ide/platform/tools/gcc-arm-none-eabi-10.3-2021.10/bin/../lib/gcc/arm-none-eabi/10.3.1/../../../../arm-none-eabi/lib/thumb/v7e-m+fp/hard\libg_nano.a(lib_a-fflush.o)
 .ARM.attributes
                0x00000a3a       0x34 d:/work/tool/at32ide/platform/tools/gcc-arm-none-eabi-10.3-2021.10/bin/../lib/gcc/arm-none-eabi/10.3.1/../../../../arm-none-eabi/lib/thumb/v7e-m+fp/hard\libg_nano.a(lib_a-findfp.o)
 .ARM.attributes
                0x00000a6e       0x34 d:/work/tool/at32ide/platform/tools/gcc-arm-none-eabi-10.3-2021.10/bin/../lib/gcc/arm-none-eabi/10.3.1/../../../../arm-none-eabi/lib/thumb/v7e-m+fp/hard\libg_nano.a(lib_a-fwalk.o)
 .ARM.attributes
                0x00000aa2       0x34 d:/work/tool/at32ide/platform/tools/gcc-arm-none-eabi-10.3-2021.10/bin/../lib/gcc/arm-none-eabi/10.3.1/../../../../arm-none-eabi/lib/thumb/v7e-m+fp/hard\libg_nano.a(lib_a-lock.o)
 .ARM.attributes
                0x00000ad6       0x34 d:/work/tool/at32ide/platform/tools/gcc-arm-none-eabi-10.3-2021.10/bin/../lib/gcc/arm-none-eabi/10.3.1/../../../../arm-none-eabi/lib/thumb/v7e-m+fp/hard\libg_nano.a(lib_a-makebuf.o)
 .ARM.attributes
                0x00000b0a       0x34 d:/work/tool/at32ide/platform/tools/gcc-arm-none-eabi-10.3-2021.10/bin/../lib/gcc/arm-none-eabi/10.3.1/../../../../arm-none-eabi/lib/thumb/v7e-m+fp/hard\libg_nano.a(lib_a-nano-msizer.o)
 .ARM.attributes
                0x00000b3e       0x34 d:/work/tool/at32ide/platform/tools/gcc-arm-none-eabi-10.3-2021.10/bin/../lib/gcc/arm-none-eabi/10.3.1/../../../../arm-none-eabi/lib/thumb/v7e-m+fp/hard\libg_nano.a(lib_a-signal.o)
 .ARM.attributes
                0x00000b72       0x34 d:/work/tool/at32ide/platform/tools/gcc-arm-none-eabi-10.3-2021.10/bin/../lib/gcc/arm-none-eabi/10.3.1/../../../../arm-none-eabi/lib/thumb/v7e-m+fp/hard\libg_nano.a(lib_a-signalr.o)
 .ARM.attributes
                0x00000ba6       0x34 d:/work/tool/at32ide/platform/tools/gcc-arm-none-eabi-10.3-2021.10/bin/../lib/gcc/arm-none-eabi/10.3.1/../../../../arm-none-eabi/lib/thumb/v7e-m+fp/hard\libg_nano.a(lib_a-stdio.o)
 .ARM.attributes
                0x00000bda       0x34 d:/work/tool/at32ide/platform/tools/gcc-arm-none-eabi-10.3-2021.10/bin/../lib/gcc/arm-none-eabi/10.3.1/../../../../arm-none-eabi/lib/thumb/v7e-m+fp/hard\libg_nano.a(lib_a-writer.o)
 .ARM.attributes
                0x00000c0e       0x34 d:/work/tool/at32ide/platform/tools/gcc-arm-none-eabi-10.3-2021.10/bin/../lib/gcc/arm-none-eabi/10.3.1/../../../../arm-none-eabi/lib/thumb/v7e-m+fp/hard\libg_nano.a(lib_a-closer.o)
 .ARM.attributes
                0x00000c42       0x34 d:/work/tool/at32ide/platform/tools/gcc-arm-none-eabi-10.3-2021.10/bin/../lib/gcc/arm-none-eabi/10.3.1/../../../../arm-none-eabi/lib/thumb/v7e-m+fp/hard\libg_nano.a(lib_a-fstatr.o)
 .ARM.attributes
                0x00000c76       0x34 d:/work/tool/at32ide/platform/tools/gcc-arm-none-eabi-10.3-2021.10/bin/../lib/gcc/arm-none-eabi/10.3.1/../../../../arm-none-eabi/lib/thumb/v7e-m+fp/hard\libg_nano.a(lib_a-isattyr.o)
 .ARM.attributes
                0x00000caa       0x34 d:/work/tool/at32ide/platform/tools/gcc-arm-none-eabi-10.3-2021.10/bin/../lib/gcc/arm-none-eabi/10.3.1/../../../../arm-none-eabi/lib/thumb/v7e-m+fp/hard\libg_nano.a(lib_a-lseekr.o)
 .ARM.attributes
                0x00000cde       0x34 d:/work/tool/at32ide/platform/tools/gcc-arm-none-eabi-10.3-2021.10/bin/../lib/gcc/arm-none-eabi/10.3.1/../../../../arm-none-eabi/lib/thumb/v7e-m+fp/hard\libg_nano.a(lib_a-readr.o)
 .ARM.attributes
                0x00000d12       0x1e d:/work/tool/at32ide/platform/tools/gcc-arm-none-eabi-10.3-2021.10/bin/../lib/gcc/arm-none-eabi/10.3.1/thumb/v7e-m+fp/hard\libgcc.a(_arm_addsubdf3.o)
 .ARM.attributes
                0x00000d30       0x1e d:/work/tool/at32ide/platform/tools/gcc-arm-none-eabi-10.3-2021.10/bin/../lib/gcc/arm-none-eabi/10.3.1/thumb/v7e-m+fp/hard\libgcc.a(_arm_muldivdf3.o)
 .ARM.attributes
                0x00000d4e       0x1e d:/work/tool/at32ide/platform/tools/gcc-arm-none-eabi-10.3-2021.10/bin/../lib/gcc/arm-none-eabi/10.3.1/thumb/v7e-m+fp/hard\libgcc.a(_arm_cmpdf2.o)
 .ARM.attributes
                0x00000d6c       0x1e d:/work/tool/at32ide/platform/tools/gcc-arm-none-eabi-10.3-2021.10/bin/../lib/gcc/arm-none-eabi/10.3.1/thumb/v7e-m+fp/hard\libgcc.a(_arm_unorddf2.o)
 .ARM.attributes
                0x00000d8a       0x1e d:/work/tool/at32ide/platform/tools/gcc-arm-none-eabi-10.3-2021.10/bin/../lib/gcc/arm-none-eabi/10.3.1/thumb/v7e-m+fp/hard\libgcc.a(_arm_fixdfsi.o)
 .ARM.attributes
                0x00000da8       0x34 d:/work/tool/at32ide/platform/tools/gcc-arm-none-eabi-10.3-2021.10/bin/../lib/gcc/arm-none-eabi/10.3.1/../../../../arm-none-eabi/lib/thumb/v7e-m+fp/hard\libnosys.a(close.o)
 .ARM.attributes
                0x00000ddc       0x34 d:/work/tool/at32ide/platform/tools/gcc-arm-none-eabi-10.3-2021.10/bin/../lib/gcc/arm-none-eabi/10.3.1/../../../../arm-none-eabi/lib/thumb/v7e-m+fp/hard\libnosys.a(fstat.o)
 .ARM.attributes
                0x00000e10       0x34 d:/work/tool/at32ide/platform/tools/gcc-arm-none-eabi-10.3-2021.10/bin/../lib/gcc/arm-none-eabi/10.3.1/../../../../arm-none-eabi/lib/thumb/v7e-m+fp/hard\libnosys.a(getpid.o)
 .ARM.attributes
                0x00000e44       0x34 d:/work/tool/at32ide/platform/tools/gcc-arm-none-eabi-10.3-2021.10/bin/../lib/gcc/arm-none-eabi/10.3.1/../../../../arm-none-eabi/lib/thumb/v7e-m+fp/hard\libnosys.a(isatty.o)
 .ARM.attributes
                0x00000e78       0x34 d:/work/tool/at32ide/platform/tools/gcc-arm-none-eabi-10.3-2021.10/bin/../lib/gcc/arm-none-eabi/10.3.1/../../../../arm-none-eabi/lib/thumb/v7e-m+fp/hard\libnosys.a(kill.o)
 .ARM.attributes
                0x00000eac       0x34 d:/work/tool/at32ide/platform/tools/gcc-arm-none-eabi-10.3-2021.10/bin/../lib/gcc/arm-none-eabi/10.3.1/../../../../arm-none-eabi/lib/thumb/v7e-m+fp/hard\libnosys.a(lseek.o)
 .ARM.attributes
                0x00000ee0       0x34 d:/work/tool/at32ide/platform/tools/gcc-arm-none-eabi-10.3-2021.10/bin/../lib/gcc/arm-none-eabi/10.3.1/../../../../arm-none-eabi/lib/thumb/v7e-m+fp/hard\libnosys.a(read.o)
 .ARM.attributes
                0x00000f14       0x34 d:/work/tool/at32ide/platform/tools/gcc-arm-none-eabi-10.3-2021.10/bin/../lib/gcc/arm-none-eabi/10.3.1/../../../../arm-none-eabi/lib/thumb/v7e-m+fp/hard\libnosys.a(sbrk.o)
 .ARM.attributes
                0x00000f48       0x34 d:/work/tool/at32ide/platform/tools/gcc-arm-none-eabi-10.3-2021.10/bin/../lib/gcc/arm-none-eabi/10.3.1/../../../../arm-none-eabi/lib/thumb/v7e-m+fp/hard\libnosys.a(write.o)
 .ARM.attributes
                0x00000f7c       0x34 d:/work/tool/at32ide/platform/tools/gcc-arm-none-eabi-10.3-2021.10/bin/../lib/gcc/arm-none-eabi/10.3.1/../../../../arm-none-eabi/lib/thumb/v7e-m+fp/hard\libnosys.a(_exit.o)
 .ARM.attributes
                0x00000fb0       0x1e d:/work/tool/at32ide/platform/tools/gcc-arm-none-eabi-10.3-2021.10/bin/../lib/gcc/arm-none-eabi/10.3.1/thumb/v7e-m+fp/hard/crtn.o
OUTPUT(BE2test.elf elf32-littlearm)
LOAD linker stubs
LOAD d:/work/tool/at32ide/platform/tools/gcc-arm-none-eabi-10.3-2021.10/bin/../lib/gcc/arm-none-eabi/10.3.1/../../../../arm-none-eabi/lib/thumb/v7e-m+fp/hard\libc.a
LOAD d:/work/tool/at32ide/platform/tools/gcc-arm-none-eabi-10.3-2021.10/bin/../lib/gcc/arm-none-eabi/10.3.1/../../../../arm-none-eabi/lib/thumb/v7e-m+fp/hard\libm.a
LOAD d:/work/tool/at32ide/platform/tools/gcc-arm-none-eabi-10.3-2021.10/bin/../lib/gcc/arm-none-eabi/10.3.1/thumb/v7e-m+fp/hard\libgcc.a

.debug_info     0x00000000    0x13958
 .debug_info    0x00000000     0x1386 ./user/Serial.o
 .debug_info    0x00001386      0x10e ./user/at32f402_405_int.o
 .debug_info    0x00001494     0x168e ./user/at32f402_405_wk_config.o
 .debug_info    0x00002b22     0x1d2a ./user/be2_spi.o
 .debug_info    0x0000484c       0xb1 ./user/main.o
 .debug_info    0x000048fd     0x1c44 ./user/wk_spi.o
 .debug_info    0x00006541      0x2d2 ./user/wk_system.o
 .debug_info    0x00006813     0x1bc4 ./user/wk_usart.o
 .debug_info    0x000083d7     0x2ee9 ./firmware/at32f402_405_crm.o
 .debug_info    0x0000b2c0     0x1948 ./firmware/at32f402_405_gpio.o
 .debug_info    0x0000cc08      0x9cc ./firmware/at32f402_405_misc.o
 .debug_info    0x0000d5d4     0x2ef4 ./firmware/at32f402_405_spi.o
 .debug_info    0x000104c8     0x1591 ./firmware/at32f402_405_usart.o
 .debug_info    0x00011a59     0x1edd ./cmsis/system_at32f402_405.o
 .debug_info    0x00013936       0x22 ./startup_at32f402_405.o

.debug_abbrev   0x00000000     0x1ae3
 .debug_abbrev  0x00000000      0x357 ./user/Serial.o
 .debug_abbrev  0x00000357       0x44 ./user/at32f402_405_int.o
 .debug_abbrev  0x0000039b      0x2b5 ./user/at32f402_405_wk_config.o
 .debug_abbrev  0x00000650      0x265 ./user/be2_spi.o
 .debug_abbrev  0x000008b5       0x66 ./user/main.o
 .debug_abbrev  0x0000091b      0x1ab ./user/wk_spi.o
 .debug_abbrev  0x00000ac6      0x14c ./user/wk_system.o
 .debug_abbrev  0x00000c12      0x1ba ./user/wk_usart.o
 .debug_abbrev  0x00000dcc      0x261 ./firmware/at32f402_405_crm.o
 .debug_abbrev  0x0000102d      0x238 ./firmware/at32f402_405_gpio.o
 .debug_abbrev  0x00001265      0x245 ./firmware/at32f402_405_misc.o
 .debug_abbrev  0x000014aa      0x21c ./firmware/at32f402_405_spi.o
 .debug_abbrev  0x000016c6      0x257 ./firmware/at32f402_405_usart.o
 .debug_abbrev  0x0000191d      0x1b4 ./cmsis/system_at32f402_405.o
 .debug_abbrev  0x00001ad1       0x12 ./startup_at32f402_405.o

.debug_aranges  0x00000000      0x6e8
 .debug_aranges
                0x00000000       0x60 ./user/Serial.o
 .debug_aranges
                0x00000060       0x60 ./user/at32f402_405_int.o
 .debug_aranges
                0x000000c0       0x48 ./user/at32f402_405_wk_config.o
 .debug_aranges
                0x00000108       0x40 ./user/be2_spi.o
 .debug_aranges
                0x00000148       0x20 ./user/main.o
 .debug_aranges
                0x00000168       0x20 ./user/wk_spi.o
 .debug_aranges
                0x00000188       0x38 ./user/wk_system.o
 .debug_aranges
                0x000001c0       0x20 ./user/wk_usart.o
 .debug_aranges
                0x000001e0      0x148 ./firmware/at32f402_405_crm.o
 .debug_aranges
                0x00000328       0x90 ./firmware/at32f402_405_gpio.o
 .debug_aranges
                0x000003b8       0x88 ./firmware/at32f402_405_misc.o
 .debug_aranges
                0x00000440       0xf0 ./firmware/at32f402_405_spi.o
 .debug_aranges
                0x00000530      0x160 ./firmware/at32f402_405_usart.o
 .debug_aranges
                0x00000690       0x30 ./cmsis/system_at32f402_405.o
 .debug_aranges
                0x000006c0       0x28 ./startup_at32f402_405.o

.debug_ranges   0x00000000      0x600
 .debug_ranges  0x00000000       0x50 ./user/Serial.o
 .debug_ranges  0x00000050       0x50 ./user/at32f402_405_int.o
 .debug_ranges  0x000000a0       0x38 ./user/at32f402_405_wk_config.o
 .debug_ranges  0x000000d8       0x30 ./user/be2_spi.o
 .debug_ranges  0x00000108       0x10 ./user/main.o
 .debug_ranges  0x00000118       0x10 ./user/wk_spi.o
 .debug_ranges  0x00000128       0x28 ./user/wk_system.o
 .debug_ranges  0x00000150       0x10 ./user/wk_usart.o
 .debug_ranges  0x00000160      0x138 ./firmware/at32f402_405_crm.o
 .debug_ranges  0x00000298       0x80 ./firmware/at32f402_405_gpio.o
 .debug_ranges  0x00000318       0x78 ./firmware/at32f402_405_misc.o
 .debug_ranges  0x00000390       0xe0 ./firmware/at32f402_405_spi.o
 .debug_ranges  0x00000470      0x150 ./firmware/at32f402_405_usart.o
 .debug_ranges  0x000005c0       0x20 ./cmsis/system_at32f402_405.o
 .debug_ranges  0x000005e0       0x20 ./startup_at32f402_405.o

.debug_line     0x00000000     0x3ec1
 .debug_line    0x00000000      0x433 ./user/Serial.o
 .debug_line    0x00000433      0x124 ./user/at32f402_405_int.o
 .debug_line    0x00000557      0x399 ./user/at32f402_405_wk_config.o
 .debug_line    0x000008f0      0x3bc ./user/be2_spi.o
 .debug_line    0x00000cac      0x17d ./user/main.o
 .debug_line    0x00000e29      0x21d ./user/wk_spi.o
 .debug_line    0x00001046      0x30a ./user/wk_system.o
 .debug_line    0x00001350      0x1ff ./user/wk_usart.o
 .debug_line    0x0000154f      0xb6e ./firmware/at32f402_405_crm.o
 .debug_line    0x000020bd      0x498 ./firmware/at32f402_405_gpio.o
 .debug_line    0x00002555      0x476 ./firmware/at32f402_405_misc.o
 .debug_line    0x000029cb      0x8e6 ./firmware/at32f402_405_spi.o
 .debug_line    0x000032b1      0x7ac ./firmware/at32f402_405_usart.o
 .debug_line    0x00003a5d      0x3ef ./cmsis/system_at32f402_405.o
 .debug_line    0x00003e4c       0x75 ./startup_at32f402_405.o

.debug_str      0x00000000     0x606f
 .debug_str     0x00000000      0x8f9 ./user/Serial.o
                                0x9d2 (size before relaxing)
 .debug_str     0x000008f9       0xcf ./user/at32f402_405_int.o
                                0x21e (size before relaxing)
 .debug_str     0x000009c8     0x128c ./user/at32f402_405_wk_config.o
                               0x14ae (size before relaxing)
 .debug_str     0x00001c54      0x832 ./user/be2_spi.o
                                0xe69 (size before relaxing)
 .debug_str     0x00002486       0x38 ./user/main.o
                                0x19e (size before relaxing)
 .debug_str     0x000024be      0x57b ./user/wk_spi.o
                                0xf40 (size before relaxing)
 .debug_str     0x00002a39      0x155 ./user/wk_system.o
                                0x459 (size before relaxing)
 .debug_str     0x00002b8e      0x15b ./user/wk_usart.o
                                0xd14 (size before relaxing)
 .debug_str     0x00002ce9     0x1f3f ./firmware/at32f402_405_crm.o
                               0x28d5 (size before relaxing)
 .debug_str     0x00004c28      0x1e0 ./firmware/at32f402_405_gpio.o
                                0xfe4 (size before relaxing)
 .debug_str     0x00004e08      0x216 ./firmware/at32f402_405_misc.o
                                0xacb (size before relaxing)
 .debug_str     0x0000501e      0x7e5 ./firmware/at32f402_405_spi.o
                               0x1cf3 (size before relaxing)
 .debug_str     0x00005803      0x79c ./firmware/at32f402_405_usart.o
                               0x1098 (size before relaxing)
 .debug_str     0x00005f9f       0xa8 ./cmsis/system_at32f402_405.o
                                0xe1d (size before relaxing)
 .debug_str     0x00006047       0x28 ./startup_at32f402_405.o
                                 0x5f (size before relaxing)

.comment        0x00000000       0x49
 .comment       0x00000000       0x49 ./user/Serial.o
                                 0x4a (size before relaxing)
 .comment       0x00000049       0x4a ./user/at32f402_405_int.o
 .comment       0x00000049       0x4a ./user/at32f402_405_wk_config.o
 .comment       0x00000049       0x4a ./user/be2_spi.o
 .comment       0x00000049       0x4a ./user/main.o
 .comment       0x00000049       0x4a ./user/wk_spi.o
 .comment       0x00000049       0x4a ./user/wk_system.o
 .comment       0x00000049       0x4a ./user/wk_usart.o
 .comment       0x00000049       0x4a ./firmware/at32f402_405_crm.o
 .comment       0x00000049       0x4a ./firmware/at32f402_405_gpio.o
 .comment       0x00000049       0x4a ./firmware/at32f402_405_misc.o
 .comment       0x00000049       0x4a ./firmware/at32f402_405_spi.o
 .comment       0x00000049       0x4a ./firmware/at32f402_405_usart.o
 .comment       0x00000049       0x4a ./cmsis/system_at32f402_405.o

.debug_frame    0x00000000     0x2e5c
 .debug_frame   0x00000000      0x168 ./user/Serial.o
 .debug_frame   0x00000168      0x110 ./user/at32f402_405_int.o
 .debug_frame   0x00000278       0xd4 ./user/at32f402_405_wk_config.o
 .debug_frame   0x0000034c       0xc8 ./user/be2_spi.o
 .debug_frame   0x00000414       0x30 ./user/main.o
 .debug_frame   0x00000444       0x34 ./user/wk_spi.o
 .debug_frame   0x00000478       0xa8 ./user/wk_system.o
 .debug_frame   0x00000520       0x34 ./user/wk_usart.o
 .debug_frame   0x00000554      0x5dc ./firmware/at32f402_405_crm.o
 .debug_frame   0x00000b30      0x264 ./firmware/at32f402_405_gpio.o
 .debug_frame   0x00000d94      0x210 ./firmware/at32f402_405_misc.o
 .debug_frame   0x00000fa4      0x450 ./firmware/at32f402_405_spi.o
 .debug_frame   0x000013f4      0x670 ./firmware/at32f402_405_usart.o
 .debug_frame   0x00001a64       0x84 ./cmsis/system_at32f402_405.o
 .debug_frame   0x00001ae8       0x2c d:/work/tool/at32ide/platform/tools/gcc-arm-none-eabi-10.3-2021.10/bin/../lib/gcc/arm-none-eabi/10.3.1/thumb/v7e-m+fp/hard\libgcc.a(_aeabi_uldivmod.o)
 .debug_frame   0x00001b14       0x34 d:/work/tool/at32ide/platform/tools/gcc-arm-none-eabi-10.3-2021.10/bin/../lib/gcc/arm-none-eabi/10.3.1/thumb/v7e-m+fp/hard\libgcc.a(_udivmoddi4.o)
 .debug_frame   0x00001b48       0x2c d:/work/tool/at32ide/platform/tools/gcc-arm-none-eabi-10.3-2021.10/bin/../lib/gcc/arm-none-eabi/10.3.1/../../../../arm-none-eabi/lib/thumb/v7e-m+fp/hard\libg_nano.a(lib_a-init.o)
 .debug_frame   0x00001b74       0x20 d:/work/tool/at32ide/platform/tools/gcc-arm-none-eabi-10.3-2021.10/bin/../lib/gcc/arm-none-eabi/10.3.1/../../../../arm-none-eabi/lib/thumb/v7e-m+fp/hard\libg_nano.a(lib_a-memset.o)
 .debug_frame   0x00001b94       0xa0 d:/work/tool/at32ide/platform/tools/gcc-arm-none-eabi-10.3-2021.10/bin/../lib/gcc/arm-none-eabi/10.3.1/../../../../arm-none-eabi/lib/thumb/v7e-m+fp/hard\libg_nano.a(lib_a-nano-vfprintf_float.o)
 .debug_frame   0x00001c34       0x60 d:/work/tool/at32ide/platform/tools/gcc-arm-none-eabi-10.3-2021.10/bin/../lib/gcc/arm-none-eabi/10.3.1/../../../../arm-none-eabi/lib/thumb/v7e-m+fp/hard\libg_nano.a(lib_a-nano-vfprintf_i.o)
 .debug_frame   0x00001c94       0x3c d:/work/tool/at32ide/platform/tools/gcc-arm-none-eabi-10.3-2021.10/bin/../lib/gcc/arm-none-eabi/10.3.1/../../../../arm-none-eabi/lib/thumb/v7e-m+fp/hard\libg_nano.a(lib_a-vsprintf.o)
 .debug_frame   0x00001cd0       0x88 d:/work/tool/at32ide/platform/tools/gcc-arm-none-eabi-10.3-2021.10/bin/../lib/gcc/arm-none-eabi/10.3.1/../../../../arm-none-eabi/lib/thumb/v7e-m+fp/hard\libg_nano.a(lib_a-dtoa.o)
 .debug_frame   0x00001d58       0x40 d:/work/tool/at32ide/platform/tools/gcc-arm-none-eabi-10.3-2021.10/bin/../lib/gcc/arm-none-eabi/10.3.1/../../../../arm-none-eabi/lib/thumb/v7e-m+fp/hard\libg_nano.a(lib_a-localeconv.o)
 .debug_frame   0x00001d98       0x30 d:/work/tool/at32ide/platform/tools/gcc-arm-none-eabi-10.3-2021.10/bin/../lib/gcc/arm-none-eabi/10.3.1/../../../../arm-none-eabi/lib/thumb/v7e-m+fp/hard\libg_nano.a(lib_a-malloc.o)
 .debug_frame   0x00001dc8       0x28 d:/work/tool/at32ide/platform/tools/gcc-arm-none-eabi-10.3-2021.10/bin/../lib/gcc/arm-none-eabi/10.3.1/../../../../arm-none-eabi/lib/thumb/v7e-m+fp/hard\libg_nano.a(lib_a-memcpy-stub.o)
 .debug_frame   0x00001df0      0x25c d:/work/tool/at32ide/platform/tools/gcc-arm-none-eabi-10.3-2021.10/bin/../lib/gcc/arm-none-eabi/10.3.1/../../../../arm-none-eabi/lib/thumb/v7e-m+fp/hard\libg_nano.a(lib_a-mprec.o)
 .debug_frame   0x0000204c       0x30 d:/work/tool/at32ide/platform/tools/gcc-arm-none-eabi-10.3-2021.10/bin/../lib/gcc/arm-none-eabi/10.3.1/../../../../arm-none-eabi/lib/thumb/v7e-m+fp/hard\libg_nano.a(lib_a-nano-callocr.o)
 .debug_frame   0x0000207c       0x38 d:/work/tool/at32ide/platform/tools/gcc-arm-none-eabi-10.3-2021.10/bin/../lib/gcc/arm-none-eabi/10.3.1/../../../../arm-none-eabi/lib/thumb/v7e-m+fp/hard\libg_nano.a(lib_a-nano-freer.o)
 .debug_frame   0x000020b4       0x4c d:/work/tool/at32ide/platform/tools/gcc-arm-none-eabi-10.3-2021.10/bin/../lib/gcc/arm-none-eabi/10.3.1/../../../../arm-none-eabi/lib/thumb/v7e-m+fp/hard\libg_nano.a(lib_a-nano-mallocr.o)
 .debug_frame   0x00002100       0x90 d:/work/tool/at32ide/platform/tools/gcc-arm-none-eabi-10.3-2021.10/bin/../lib/gcc/arm-none-eabi/10.3.1/../../../../arm-none-eabi/lib/thumb/v7e-m+fp/hard\libg_nano.a(lib_a-nano-svfprintf.o)
 .debug_frame   0x00002190       0x2c d:/work/tool/at32ide/platform/tools/gcc-arm-none-eabi-10.3-2021.10/bin/../lib/gcc/arm-none-eabi/10.3.1/../../../../arm-none-eabi/lib/thumb/v7e-m+fp/hard\libg_nano.a(lib_a-sbrkr.o)
 .debug_frame   0x000021bc       0x40 d:/work/tool/at32ide/platform/tools/gcc-arm-none-eabi-10.3-2021.10/bin/../lib/gcc/arm-none-eabi/10.3.1/../../../../arm-none-eabi/lib/thumb/v7e-m+fp/hard\libg_nano.a(lib_a-assert.o)
 .debug_frame   0x000021fc       0x64 d:/work/tool/at32ide/platform/tools/gcc-arm-none-eabi-10.3-2021.10/bin/../lib/gcc/arm-none-eabi/10.3.1/../../../../arm-none-eabi/lib/thumb/v7e-m+fp/hard\libg_nano.a(lib_a-fprintf.o)
 .debug_frame   0x00002260       0x48 d:/work/tool/at32ide/platform/tools/gcc-arm-none-eabi-10.3-2021.10/bin/../lib/gcc/arm-none-eabi/10.3.1/../../../../arm-none-eabi/lib/thumb/v7e-m+fp/hard\libg_nano.a(lib_a-locale.o)
 .debug_frame   0x000022a8       0x48 d:/work/tool/at32ide/platform/tools/gcc-arm-none-eabi-10.3-2021.10/bin/../lib/gcc/arm-none-eabi/10.3.1/../../../../arm-none-eabi/lib/thumb/v7e-m+fp/hard\libg_nano.a(lib_a-mbtowc_r.o)
 .debug_frame   0x000022f0       0x28 d:/work/tool/at32ide/platform/tools/gcc-arm-none-eabi-10.3-2021.10/bin/../lib/gcc/arm-none-eabi/10.3.1/../../../../arm-none-eabi/lib/thumb/v7e-m+fp/hard\libg_nano.a(lib_a-memmove.o)